Component: Arm Compiler for Embedded 6.19 Tool: armlink [5e73cb00]

==============================================================================

Section Cross References

    main.o(.text.main) refers to systick.o(.text.SystickInit) for SystickInit
    main.o(.text.main) refers to buttoncallback.o(.text.buttonCallBackInit) for buttonCallBackInit
    main.o(.text.main) refers to clockhandle.o(.text.clockInit) for clockInit
    main.o(.text.main) refers to clockhandle.o(.text.clockHandle) for clockHandle
    main.o(.text.main) refers to buttoncallback.o(.text.buttonCallBackHandle) for buttonCallBackHandle
    main.o(.text.main) refers to clockhandle.o(.text.checkAlarm) for checkAlarm
    main.o(.ARM.exidx.text.main) refers to main.o(.text.main) for [Anonymous Symbol]
    adc.o(.text.ADC_Config) refers to stm32f10x_rcc.o(.text.RCC_APB2PeriphClockCmd) for RCC_APB2PeriphClockCmd
    adc.o(.text.ADC_Config) refers to stm32f10x_gpio.o(.text.GPIO_Init) for GPIO_Init
    adc.o(.text.ADC_Config) refers to stm32f10x_adc.o(.text.ADC_RegularChannelConfig) for ADC_RegularChannelConfig
    adc.o(.text.ADC_Config) refers to stm32f10x_adc.o(.text.ADC_Init) for ADC_Init
    adc.o(.text.ADC_Config) refers to stm32f10x_adc.o(.text.ADC_Cmd) for ADC_Cmd
    adc.o(.ARM.exidx.text.ADC_Config) refers to adc.o(.text.ADC_Config) for [Anonymous Symbol]
    button.o(.text.button_handle) refers to stm32f10x_gpio.o(.text.GPIO_ReadInputDataBit) for GPIO_ReadInputDataBit
    button.o(.text.button_handle) refers to systick.o(.text.getTick) for getTick
    button.o(.text.button_handle) refers to buttoncallback.o(.text.btn_pressing_callback) for btn_pressing_callback
    button.o(.text.button_handle) refers to buttoncallback.o(.text.btn_press_short_callback) for btn_press_short_callback
    button.o(.text.button_handle) refers to buttoncallback.o(.text.btn_press_timeout_callback) for btn_press_timeout_callback
    button.o(.text.button_handle) refers to buttoncallback.o(.text.btn_press_timeout_repeat_callback) for btn_press_timeout_repeat_callback
    button.o(.ARM.exidx.text.button_handle) refers to button.o(.text.button_handle) for [Anonymous Symbol]
    button.o(.ARM.exidx.text.Button_Init) refers to button.o(.text.Button_Init) for [Anonymous Symbol]
    ds3231.o(.text.ds3231_Init) refers to i2c.o(.text.I2C_Config) for I2C_Config
    ds3231.o(.ARM.exidx.text.ds3231_Init) refers to ds3231.o(.text.ds3231_Init) for [Anonymous Symbol]
    ds3231.o(.ARM.exidx.text.Decimal2BCD) refers to ds3231.o(.text.Decimal2BCD) for [Anonymous Symbol]
    ds3231.o(.ARM.exidx.text.BCD2_Decimal) refers to ds3231.o(.text.BCD2_Decimal) for [Anonymous Symbol]
    ds3231.o(.text.ds3231_setSeconds) refers to ds3231.o(.text.Decimal2BCD) for Decimal2BCD
    ds3231.o(.text.ds3231_setSeconds) refers to i2c.o(.text.I2C_Write_Reg) for I2C_Write_Reg
    ds3231.o(.ARM.exidx.text.ds3231_setSeconds) refers to ds3231.o(.text.ds3231_setSeconds) for [Anonymous Symbol]
    ds3231.o(.text.ds3231_getSeconds) refers to i2c.o(.text.I2C_Read_Reg) for I2C_Read_Reg
    ds3231.o(.text.ds3231_getSeconds) refers to ds3231.o(.text.BCD2_Decimal) for BCD2_Decimal
    ds3231.o(.ARM.exidx.text.ds3231_getSeconds) refers to ds3231.o(.text.ds3231_getSeconds) for [Anonymous Symbol]
    ds3231.o(.text.ds3231_setMinutes) refers to ds3231.o(.text.Decimal2BCD) for Decimal2BCD
    ds3231.o(.text.ds3231_setMinutes) refers to i2c.o(.text.I2C_Write_Reg) for I2C_Write_Reg
    ds3231.o(.ARM.exidx.text.ds3231_setMinutes) refers to ds3231.o(.text.ds3231_setMinutes) for [Anonymous Symbol]
    ds3231.o(.text.ds3231_getMinutes) refers to i2c.o(.text.I2C_Read_Reg) for I2C_Read_Reg
    ds3231.o(.text.ds3231_getMinutes) refers to ds3231.o(.text.BCD2_Decimal) for BCD2_Decimal
    ds3231.o(.ARM.exidx.text.ds3231_getMinutes) refers to ds3231.o(.text.ds3231_getMinutes) for [Anonymous Symbol]
    ds3231.o(.text.ds3231_setHours) refers to ds3231.o(.text.Decimal2BCD) for Decimal2BCD
    ds3231.o(.text.ds3231_setHours) refers to i2c.o(.text.I2C_Write_Reg) for I2C_Write_Reg
    ds3231.o(.ARM.exidx.text.ds3231_setHours) refers to ds3231.o(.text.ds3231_setHours) for [Anonymous Symbol]
    ds3231.o(.text.ds3231_getHours) refers to i2c.o(.text.I2C_Read_Reg) for I2C_Read_Reg
    ds3231.o(.text.ds3231_getHours) refers to ds3231.o(.text.BCD2_Decimal) for BCD2_Decimal
    ds3231.o(.ARM.exidx.text.ds3231_getHours) refers to ds3231.o(.text.ds3231_getHours) for [Anonymous Symbol]
    ds3231.o(.text.ds3231_setDay) refers to ds3231.o(.text.Decimal2BCD) for Decimal2BCD
    ds3231.o(.text.ds3231_setDay) refers to i2c.o(.text.I2C_Write_Reg) for I2C_Write_Reg
    ds3231.o(.ARM.exidx.text.ds3231_setDay) refers to ds3231.o(.text.ds3231_setDay) for [Anonymous Symbol]
    ds3231.o(.text.ds3231_getDay) refers to i2c.o(.text.I2C_Read_Reg) for I2C_Read_Reg
    ds3231.o(.text.ds3231_getDay) refers to ds3231.o(.text.BCD2_Decimal) for BCD2_Decimal
[...]
    i.__ARM_fpclassify                       0x080044dc   Section        0  fpclassify.o(i.__ARM_fpclassify)
    i._is_digit                              0x08004504   Section        0  __printf_wp.o(i._is_digit)
    locale$$code                             0x08004514   Section       44  lc_numeric_c.o(locale$$code)
    locale$$code                             0x08004540   Section       44  lc_ctype_c.o(locale$$code)
    x$fpl$d2f                                0x0800456c   Section       98  d2f.o(x$fpl$d2f)
    x$fpl$dadd                               0x080045d0   Section      336  daddsub_clz.o(x$fpl$dadd)
    _dadd1                                   0x080045e1   Thumb Code     0  daddsub_clz.o(x$fpl$dadd)
    x$fpl$dflt                               0x08004720   Section       46  dflt_clz.o(x$fpl$dflt)
    x$fpl$dmul                               0x08004750   Section      340  dmul.o(x$fpl$dmul)
    x$fpl$dnaninf                            0x080048a4   Section      156  dnaninf.o(x$fpl$dnaninf)
    x$fpl$dretinf                            0x08004940   Section       12  dretinf.o(x$fpl$dretinf)
    x$fpl$dsub                               0x0800494c   Section      476  daddsub_clz.o(x$fpl$dsub)
    _dsub1                                   0x0800495d   Thumb Code     0  daddsub_clz.o(x$fpl$dsub)
    x$fpl$ffix                               0x08004b28   Section       54  ffix.o(x$fpl$ffix)
    x$fpl$fnaninf                            0x08004b5e   Section      140  fnaninf.o(x$fpl$fnaninf)
    x$fpl$fretinf                            0x08004bea   Section       10  fretinf.o(x$fpl$fretinf)
    x$fpl$printf1                            0x08004bf4   Section        4  printf1.o(x$fpl$printf1)
    x$fpl$printf2                            0x08004bf8   Section        4  printf2.o(x$fpl$printf2)
    initial_mbstate                          0x08004bfc   Data           8  _printf_wctomb.o(.constdata)
    .constdata                               0x08004bfc   Section        8  _printf_wctomb.o(.constdata)
    x$fpl$usenofp                            0x08004bfc   Section        0  usenofp.o(x$fpl$usenofp)
    uc_hextab                                0x08004c04   Data          20  _printf_hex_int_ll_ptr.o(.constdata)
    .constdata                               0x08004c04   Section       40  _printf_hex_int_ll_ptr.o(.constdata)
    lc_hextab                                0x08004c18   Data          20  _printf_hex_int_ll_ptr.o(.constdata)
    maptable                                 0x08004c2c   Data          17  __printf_flags_ss_wp.o(.constdata)
    .constdata                               0x08004c2c   Section       17  __printf_flags_ss_wp.o(.constdata)
    lc_hextab                                0x08004c3d   Data          19  _printf_fp_hex.o(.constdata)
    .constdata                               0x08004c3d   Section       38  _printf_fp_hex.o(.constdata)
    uc_hextab                                0x08004c50   Data          19  _printf_fp_hex.o(.constdata)
    tenpwrs_x                                0x08004c64   Data          60  bigflt0.o(.constdata)
    .constdata                               0x08004c64   Section      148  bigflt0.o(.constdata)
    tenpwrs_i                                0x08004ca0   Data          64  bigflt0.o(.constdata)
    ADCPrescTable                            0x08004cf8   Data           4  stm32f10x_rcc.o(.rodata.ADCPrescTable)
    [Anonymous Symbol]                       0x08004cf8   Section        0  stm32f10x_rcc.o(.rodata.ADCPrescTable)
    APBAHBPrescTable                         0x08004d0c   Data          16  stm32f10x_rcc.o(.rodata.APBAHBPrescTable)
    [Anonymous Symbol]                       0x08004d0c   Section        0  stm32f10x_rcc.o(.rodata.APBAHBPrescTable)
    .L.str.12                                0x08004d1c   Data           6  clockhandle.o(.rodata.str1.1)
    [Anonymous Symbol]                       0x08004d1c   Section        0  clockhandle.o(.rodata.str1.1)
    .L.str.7                                 0x08004d22   Data          17  clockhandle.o(.rodata.str1.1)
    .L.str.14                                0x08004d3f   Data           6  clockhandle.o(.rodata.str1.1)
    .L.str.8                                 0x08004d55   Data          20  clockhandle.o(.rodata.str1.1)
    .L.str.10                                0x08004d69   Data          15  clockhandle.o(.rodata.str1.1)
    .L.str.13                                0x08004d6e   Data          10  clockhandle.o(.rodata.str1.1)
    .L.str.9                                 0x08004d73   Data           5  clockhandle.o(.rodata.str1.1)
    .L.str.11                                0x08004d78   Data           3  clockhandle.o(.rodata.str1.1)
    locale$$data                             0x08004d9c   Section       28  lc_numeric_c.o(locale$$data)
    __lcnum_c_name                           0x08004da0   Data           2  lc_numeric_c.o(locale$$data)
    __lcnum_c_start                          0x08004da8   Data           0  lc_numeric_c.o(locale$$data)
    __lcnum_c_point                          0x08004db4   Data           0  lc_numeric_c.o(locale$$data)
    __lcnum_c_thousands                      0x08004db6   Data           0  lc_numeric_c.o(locale$$data)
    __lcnum_c_grouping                       0x08004db7   Data           0  lc_numeric_c.o(locale$$data)
    __lcnum_c_end                            0x08004db8   Data           0  lc_numeric_c.o(locale$$data)
    locale$$data                             0x08004db8   Section      272  lc_ctype_c.o(locale$$data)
    __lcctype_c_name                         0x08004dbc   Data           2  lc_ctype_c.o(locale$$data)
    __lcctype_c_start                        0x08004dc4   Data           0  lc_ctype_c.o(locale$$data)
    __lcctype_c_end                          0x08004ec8   Data           0  lc_ctype_c.o(locale$$data)
    alarmScreen.is_Show                      0x20000004   Data           1  clockhandle.o(.data.alarmScreen.is_Show)
    [Anonymous Symbol]                       0x20000004   Section        0  clockhandle.o(.data.alarmScreen.is_Show)
    checkAlarm.is_Show                       0x20000024   Data           1  clockhandle.o(.data.checkAlarm.is_Show)
    [Anonymous Symbol]                       0x20000024   Section        0  clockhandle.o(.data.checkAlarm.is_Show)
    settingTimeBlink.is_Show                 0x20000025   Data           1  clockhandle.o(.data.settingTimeBlink.is_Show)
    [Anonymous Symbol]                       0x20000025   Section        0  clockhandle.o(.data.settingTimeBlink.is_Show)
    .bss                                     0x20000028   Section       96  libspace.o(.bss)
    ServoStartTime                           0x200000f0   Data           4  clockhandle.o(.bss.ServoStartTime)
    [Anonymous Symbol]                       0x200000f0   Section        0  clockhandle.o(.bss.ServoStartTime)
    TimeOn                                   0x200000f8   Data           4  clockhandle.o(.bss.TimeOn)
    [Anonymous Symbol]                       0x200000f8   Section        0  clockhandle.o(.bss.TimeOn)
    TimeStarPress                            0x200000fc   Data           4  clockhandle.o(.bss.TimeStarPress)
    [Anonymous Symbol]                       0x200000fc   Section        0  clockhandle.o(.bss.TimeStarPress)
    alarmScreen.t_Blink                      0x20000100   Data           4  clockhandle.o(.bss.alarmScreen.t_Blink)
    [Anonymous Symbol]                       0x20000100   Section        0  clockhandle.o(.bss.alarmScreen.t_Blink)
    checkAlarm.t_Blink                       0x20000104   Data           4  clockhandle.o(.bss.checkAlarm.t_Blink)
    [Anonymous Symbol]                       0x20000104   Section        0  clockhandle.o(.bss.checkAlarm.t_Blink)
    clockTimeUpdate.Update                   0x20000108   Data           4  clockhandle.o(.bss.clockTimeUpdate.Update)
    [Anonymous Symbol]                       0x20000108   Section        0  clockhandle.o(.bss.clockTimeUpdate.Update)
    settingTimeBlink.t_Blink                 0x20000114   Data           4  clockhandle.o(.bss.settingTimeBlink.t_Blink)
    [Anonymous Symbol]                       0x20000114   Section        0  clockhandle.o(.bss.settingTimeBlink.t_Blink)
    Heap_Mem                                 0x20000138   Data         512  startup_stm32f10x_md.o(HEAP)
    HEAP                                     0x20000138   Section      512  startup_stm32f10x_md.o(HEAP)
    Stack_Mem                                0x20000338   Data        1024  startup_stm32f10x_md.o(STACK)
    STACK                                    0x20000338   Section     1024  startup_stm32f10x_md.o(STACK)
    __initial_sp                             0x20000738   Data           0  startup_stm32f10x_md.o(STACK)

    Global Symbols

    Symbol Name                              Value     Ov Type        Size  Object(Section)

    BuildAttributes$$THM_ISAv4$P$D$K$B$S$PE$A:L22UL41UL21$X:L11$S22US41US21$IEEE1$IW$~IW$USESV6$~STKCKD$USESV7$~SHL$OTIME$ROPI$IEEEJ$EBA8$UX$STANDARDLIB$REQ8$PRES8$EABIv2 0x00000000   Number         0  anon$$obj.o ABSOLUTE
    __fp_init_empty                          0x00000000   Number         0  fpinit_empty.o ABSOLUTE
    _printf_flags                            0x00000000   Number         0  printf_stubs.o ABSOLUTE
    _printf_return_value                     0x00000000   Number         0  printf_stubs.o ABSOLUTE
    _printf_sizespec                         0x00000000   Number         0  printf_stubs.o ABSOLUTE
    _printf_widthprec                        0x00000000   Number         0  printf_stubs.o ABSOLUTE
    __ARM_exceptions_init                     - Undefined Weak Reference
    __alloca_initialize                       - Undefined Weak Reference
    __arm_preinit_                            - Undefined Weak Reference
    __arm_relocate_pie_                       - Undefined Weak Reference
    __cpp_initialize__aeabi_                  - Undefined Weak Reference
    __cxa_finalize                            - Undefined Weak Reference
    __sigvec_lookup                           - Undefined Weak Reference
    _atexit_init                              - Undefined Weak Reference
    _call_atexit_fns                          - Undefined Weak Reference
    _clock_init                               - Undefined Weak Reference
    _fp_trap_init                             - Undefined Weak Reference
    _fp_trap_shutdown                         - Undefined Weak Reference
    _get_lc_collate                           - Undefined Weak Reference
    _get_lc_monetary                          - Undefined Weak Reference
    _get_lc_time                              - Undefined Weak Reference
    _getenv_init                              - Undefined Weak Reference
    _handle_redirection                       - Undefined Weak Reference
    _init_alloc                               - Undefined Weak Reference
    _init_user_alloc                          - Undefined Weak Reference
    _initio                                   - Undefined Weak Reference
    _printf_mbtowc                            - Undefined Weak Reference
    _printf_wc                                - Undefined Weak Reference
    _rand_init                                - Undefined Weak Reference
    _signal_finish                            - Undefined Weak Reference
    _signal_init                              - Undefined Weak Reference
    _terminate_alloc                          - Undefined Weak Reference
    _terminate_user_alloc                     - Undefined Weak Reference
    _terminateio                              - Undefined Weak Reference
    __Vectors_Size                           0x000000ec   Number         0  startup_stm32f10x_md.o ABSOLUTE
    __Vectors                                0x08000000   Data           4  startup_stm32f10x_md.o(RESET)
    __Vectors_End                            0x080000ec   Data           0  startup_stm32f10x_md.o(RESET)
    __main                                   0x080000ed   Thumb Code     8  __main.o(!!!main)
    __scatterload                            0x080000f5   Thumb Code     0  __scatter.o(!!!scatter)
    __scatterload_rt2                        0x080000f5   Thumb Code    44  __scatter.o(!!!scatter)
    __scatterload_rt2_thumb_only             0x080000f5   Thumb Code     0  __scatter.o(!!!scatter)
    __scatterload_null                       0x08000103   Thumb Code     0  __scatter.o(!!!scatter)
    __scatterload_copy                       0x08000129   Thumb Code    26  __scatter_copy.o(!!handler_copy)
    __scatterload_zeroinit                   0x08000145   Thumb Code    28  __scatter_zi.o(!!handler_zi)
    _printf_n                                0x08000161   Thumb Code     0  _printf_n.o(.ARM.Collect$$_printf_percent$$00000001)
    _printf_percent                          0x08000161   Thumb Code     0  _printf_percent.o(.ARM.Collect$$_printf_percent$$00000000)
    _printf_p                                0x08000167   Thumb Code     0  _printf_p.o(.ARM.Collect$$_printf_percent$$00000002)
    _printf_f                                0x0800016d   Thumb Code     0  _printf_f.o(.ARM.Collect$$_printf_percent$$00000003)
    _printf_e                                0x08000173   Thumb Code     0  _printf_e.o(.ARM.Collect$$_printf_percent$$00000004)
    _printf_g                                0x08000179   Thumb Code     0  _printf_g.o(.ARM.Collect$$_printf_percent$$00000005)
    _printf_a                                0x0800017f   Thumb Code     0  _printf_a.o(.ARM.Collect$$_printf_percent$$00000006)
    _printf_ll                               0x08000185   Thumb Code     0  _printf_ll.o(.ARM.Collect$$_printf_percent$$00000007)
    _printf_i                                0x0800018f   Thumb Code     0  _printf_i.o(.ARM.Collect$$_printf_percent$$00000008)
    _printf_d                                0x08000195   Thumb Code     0  _printf_d.o(.ARM.Collect$$_printf_percent$$00000009)
    _printf_u                                0x0800019b   Thumb Code     0  _printf_u.o(.ARM.Collect$$_printf_percent$$0000000A)
    _printf_o                                0x080001a1   Thumb Code     0  _printf_o.o(.ARM.Collect$$_printf_percent$$0000000B)
    _printf_x                                0x080001a7   Thumb Code     0  _printf_x.o(.ARM.Collect$$_printf_percent$$0000000C)
    _printf_lli                              0x080001ad   Thumb Code     0  _printf_lli.o(.ARM.Collect$$_printf_percent$$0000000D)
    _printf_lld                              0x080001b3   Thumb Code     0  _printf_lld.o(.ARM.Collect$$_printf_percent$$0000000E)
    _printf_llu                              0x080001b9   Thumb Code     0  _printf_llu.o(.ARM.Collect$$_printf_percent$$0000000F)
    _printf_llo                              0x080001bf   Thumb Code     0  _printf_llo.o(.ARM.Collect$$_printf_percent$$00000010)
    _printf_llx                              0x080001c5   Thumb Code     0  _printf_llx.o(.ARM.Collect$$_printf_percent$$00000011)
    _printf_l                                0x080001cb   Thumb Code     0  _printf_l.o(.ARM.Collect$$_printf_percent$$00000012)
    _printf_c                                0x080001d5   Thumb Code     0  _printf_c.o(.ARM.Collect$$_printf_percent$$00000013)
    _printf_s                                0x080001db   Thumb Code     0  _printf_s.o(.ARM.Collect$$_printf_percent$$00000014)
    _printf_lc                               0x080001e1   Thumb Code     0  _printf_lc.o(.ARM.Collect$$_printf_percent$$00000015)
    _printf_ls                               0x080001e7   Thumb Code     0  _printf_ls.o(.ARM.Collect$$_printf_percent$$00000016)
    _printf_percent_end                      0x080001ed   Thumb Code     0  _printf_percent_end.o(.ARM.Collect$$_printf_percent$$00000017)
    __rt_lib_init                            0x080001f1   Thumb Code     0  libinit.o(.ARM.Collect$$libinit$$00000000)
    __rt_lib_init_fp_1                       0x080001f3   Thumb Code     0  libinit2.o(.ARM.Collect$$libinit$$00000002)
    __rt_lib_init_heap_1                     0x080001f3   Thumb Code     0  libinit2.o(.ARM.Collect$$libinit$$0000000C)
    __rt_lib_init_lc_common                  0x080001f3   Thumb Code     0  libinit2.o(.ARM.Collect$$libinit$$00000011)
    __rt_lib_init_preinit_1                  0x080001f3   Thumb Code     0  libinit2.o(.ARM.Collect$$libinit$$00000006)
    __rt_lib_init_rand_1                     0x080001f3   Thumb Code     0  libinit2.o(.ARM.Collect$$libinit$$00000010)
    __rt_lib_init_relocate_pie_1             0x080001f3   Thumb Code     0  libinit2.o(.ARM.Collect$$libinit$$00000004)
    __rt_lib_init_user_alloc_1               0x080001f3   Thumb Code     0  libinit2.o(.ARM.Collect$$libinit$$0000000E)
    __rt_lib_init_lc_collate_1               0x080001f9   Thumb Code     0  libinit2.o(.ARM.Collect$$libinit$$00000013)
    __rt_lib_init_lc_ctype_2                 0x080001f9   Thumb Code     0  libinit2.o(.ARM.Collect$$libinit$$00000014)
    __rt_lib_init_lc_ctype_1                 0x08000205   Thumb Code     0  libinit2.o(.ARM.Collect$$libinit$$00000015)
    __rt_lib_init_lc_monetary_1              0x08000205   Thumb Code     0  libinit2.o(.ARM.Collect$$libinit$$00000017)
    __rt_lib_init_lc_numeric_2               0x08000205   Thumb Code     0  libinit2.o(.ARM.Collect$$libinit$$00000018)
    __rt_lib_init_alloca_1                   0x0800020f   Thumb Code     0  libinit2.o(.ARM.Collect$$libinit$$00000030)
    __rt_lib_init_argv_1                     0x0800020f   Thumb Code     0  libinit2.o(.ARM.Collect$$libinit$$0000002E)
    __rt_lib_init_atexit_1                   0x0800020f   Thumb Code     0  libinit2.o(.ARM.Collect$$libinit$$0000001D)
    __rt_lib_init_clock_1                    0x0800020f   Thumb Code     0  libinit2.o(.ARM.Collect$$libinit$$00000023)
    __rt_lib_init_cpp_1                      0x0800020f   Thumb Code     0  libinit2.o(.ARM.Collect$$libinit$$00000034)
    __rt_lib_init_exceptions_1               0x0800020f   Thumb Code     0  libinit2.o(.ARM.Collect$$libinit$$00000032)
    __rt_lib_init_fp_trap_1                  0x0800020f   Thumb Code     0  libinit2.o(.ARM.Collect$$libinit$$00000021)
    __rt_lib_init_getenv_1                   0x0800020f   Thumb Code     0  libinit2.o(.ARM.Collect$$libinit$$00000025)
    __rt_lib_init_lc_numeric_1               0x0800020f   Thumb Code     0  libinit2.o(.ARM.Collect$$libinit$$00000019)
    __rt_lib_init_lc_time_1                  0x0800020f   Thumb Code     0  libinit2.o(.ARM.Collect$$libinit$$0000001B)
    __rt_lib_init_return                     0x0800020f   Thumb Code     0  libinit2.o(.ARM.Collect$$libinit$$00000035)
    __rt_lib_init_signal_1                   0x0800020f   Thumb Code     0  libinit2.o(.ARM.Collect$$libinit$$0000001F)
    __rt_lib_init_stdio_1                    0x0800020f   Thumb Code     0  libinit2.o(.ARM.Collect$$libinit$$00000027)
    __rt_lib_shutdown                        0x08000211   Thumb Code     0  libshutdown.o(.ARM.Collect$$libshutdown$$00000000)
    __rt_lib_shutdown_cpp_1                  0x08000213   Thumb Code     0  libshutdown2.o(.ARM.Collect$$libshutdown$$00000002)
    __rt_lib_shutdown_fp_trap_1              0x08000213   Thumb Code     0  libshutdown2.o(.ARM.Collect$$libshutdown$$00000007)
    __rt_lib_shutdown_heap_1                 0x08000213   Thumb Code     0  libshutdown2.o(.ARM.Collect$$libshutdown$$0000000F)
    __rt_lib_shutdown_return                 0x08000213   Thumb Code     0  libshutdown2.o(.ARM.Collect$$libshutdown$$00000010)
    __rt_lib_shutdown_signal_1               0x08000213   Thumb Code     0  libshutdown2.o(.ARM.Collect$$libshutdown$$0000000A)
    __rt_lib_shutdown_stdio_1                0x08000213   Thumb Code     0  libshutdown2.o(.ARM.Collect$$libshutdown$$00000004)
    __rt_lib_shutdown_user_alloc_1           0x08000213   Thumb Code     0  libshutdown2.o(.ARM.Collect$$libshutdown$$0000000C)
    __rt_entry                               0x08000215   Thumb Code     0  __rtentry.o(.ARM.Collect$$rtentry$$00000000)
    __rt_entry_presh_1                       0x08000215   Thumb Code     0  __rtentry2.o(.ARM.Collect$$rtentry$$00000002)
    __rt_entry_sh                            0x08000215   Thumb Code     0  __rtentry4.o(.ARM.Collect$$rtentry$$00000004)
    __rt_entry_li                            0x0800021b   Thumb Code     0  __rtentry2.o(.ARM.Collect$$rtentry$$0000000A)
    __rt_entry_postsh_1                      0x0800021b   Thumb Code     0  __rtentry2.o(.ARM.Collect$$rtentry$$00000009)
    __rt_entry_main                          0x0800021f   Thumb Code     0  __rtentry2.o(.ARM.Collect$$rtentry$$0000000D)
    __rt_entry_postli_1                      0x0800021f   Thumb Code     0  __rtentry2.o(.ARM.Collect$$rtentry$$0000000C)
    __rt_exit                                0x08000227   Thumb Code     0  rtexit.o(.ARM.Collect$$rtexit$$00000000)
    __rt_exit_ls                             0x08000229   Thumb Code     0  rtexit2.o(.ARM.Collect$$rtexit$$00000003)
    __rt_exit_prels_1                        0x08000229   Thumb Code     0  rtexit2.o(.ARM.Collect$$rtexit$$00000002)
    __rt_exit_exit                           0x0800022d   Thumb Code     0  rtexit2.o(.ARM.Collect$$rtexit$$00000004)
    Reset_Handler                            0x08000235   Thumb Code     8  startup_stm32f10x_md.o(.text)
    NMI_Handler                              0x0800023d   Thumb Code     2  startup_stm32f10x_md.o(.text)
    HardFault_Handler                        0x0800023f   Thumb Code     2  startup_stm32f10x_md.o(.text)
    MemManage_Handler                        0x08000241   Thumb Code     2  startup_stm32f10x_md.o(.text)
    BusFault_Handler                         0x08000243   Thumb Code     2  startup_stm32f10x_md.o(.text)
    UsageFault_Handler                       0x08000245   Thumb Code     2  startup_stm32f10x_md.o(.text)
    SVC_Handler                              0x08000247   Thumb Code     2  startup_stm32f10x_md.o(.text)
    DebugMon_Handler                         0x08000249   Thumb Code     2  startup_stm32f10x_md.o(.text)
    PendSV_Handler                           0x0800024b   Thumb Code     2  startup_stm32f10x_md.o(.text)
    ADC1_2_IRQHandler                        0x0800024f   Thumb Code     0  startup_stm32f10x_md.o(.text)
    CAN1_RX1_IRQHandler                      0x0800024f   Thumb Code     0  startup_stm32f10x_md.o(.text)
    CAN1_SCE_IRQHandler                      0x0800024f   Thumb Code     0  startup_stm32f10x_md.o(.text)
    DMA1_Channel1_IRQHandler                 0x0800024f   Thumb Code     0  startup_stm32f10x_md.o(.text)
    DMA1_Channel2_IRQHandler                 0x0800024f   Thumb Code     0  startup_stm32f10x_md.o(.text)
    DMA1_Channel3_IRQHandler                 0x0800024f   Thumb Code     0  startup_stm32f10x_md.o(.text)
    DMA1_Channel4_IRQHandler                 0x0800024f   Thumb Code     0  startup_stm32f10x_md.o(.text)
    DMA1_Channel5_IRQHandler                 0x0800024f   Thumb Code     0  startup_stm32f10x_md.o(.text)
    DMA1_Channel6_IRQHandler                 0x0800024f   Thumb Code     0  startup_stm32f10x_md.o(.text)
    DMA1_Channel7_IRQHandler                 0x0800024f   Thumb Code     0  startup_stm32f10x_md.o(.text)
    EXTI0_IRQHandler                         0x0800024f   Thumb Code     0  startup_stm32f10x_md.o(.text)
    EXTI15_10_IRQHandler                     0x0800024f   Thumb Code     0  startup_stm32f10x_md.o(.text)
    EXTI1_IRQHandler                         0x0800024f   Thumb Code     0  startup_stm32f10x_md.o(.text)
    EXTI2_IRQHandler                         0x0800024f   Thumb Code     0  startup_stm32f10x_md.o(.text)
    EXTI3_IRQHandler                         0x0800024f   Thumb Code     0  startup_stm32f10x_md.o(.text)
    EXTI4_IRQHandler                         0x0800024f   Thumb Code     0  startup_stm32f10x_md.o(.text)
    EXTI9_5_IRQHandler                       0x0800024f   Thumb Code     0  startup_stm32f10x_md.o(.text)
    FLASH_IRQHandler                         0x0800024f   Thumb Code     0  startup_stm32f10x_md.o(.text)
    I2C1_ER_IRQHandler                       0x0800024f   Thumb Code     0  startup_stm32f10x_md.o(.text)
    I2C1_EV_IRQHandler                       0x0800024f   Thumb Code     0  startup_stm32f10x_md.o(.text)
    I2C2_ER_IRQHandler                       0x0800024f   Thumb Code     0  startup_stm32f10x_md.o(.text)
    I2C2_EV_IRQHandler                       0x0800024f   Thumb Code     0  startup_stm32f10x_md.o(.text)
    PVD_IRQHandler                           0x0800024f   Thumb Code     0  startup_stm32f10x_md.o(.text)
    RCC_IRQHandler                           0x0800024f   Thumb Code     0  startup_stm32f10x_md.o(.text)
    RTCAlarm_IRQHandler                      0x0800024f   Thumb Code     0  startup_stm32f10x_md.o(.text)
    RTC_IRQHandler                           0x0800024f   Thumb Code     0  startup_stm32f10x_md.o(.text)
    SPI1_IRQHandler                          0x0800024f   Thumb Code     0  startup_stm32f10x_md.o(.text)
    SPI2_IRQHandler                          0x0800024f   Thumb Code     0  startup_stm32f10x_md.o(.text)
    TAMPER_IRQHandler                        0x0800024f   Thumb Code     0  startup_stm32f10x_md.o(.text)
    TIM1_BRK_IRQHandler                      0x0800024f   Thumb Code     0  startup_stm32f10x_md.o(.text)
    TIM1_CC_IRQHandler                       0x0800024f   Thumb Code     0  startup_stm32f10x_md.o(.text)
    TIM1_TRG_COM_IRQHandler                  0x0800024f   Thumb Code     0  startup_stm32f10x_md.o(.text)
    TIM1_UP_IRQHandler                       0x0800024f   Thumb Code     0  startup_stm32f10x_md.o(.text)
    TIM2_IRQHandler                          0x0800024f   Thumb Code     0  startup_stm32f10x_md.o(.text)
    TIM3_IRQHandler                          0x0800024f   Thumb Code     0  startup_stm32f10x_md.o(.text)
    TIM4_IRQHandler                          0x0800024f   Thumb Code     0  startup_stm32f10x_md.o(.text)
    USART1_IRQHandler                        0x0800024f   Thumb Code     0  startup_stm32f10x_md.o(.text)
    USART2_IRQHandler                        0x0800024f   Thumb Code     0  startup_stm32f10x_md.o(.text)
    USART3_IRQHandler                        0x0800024f   Thumb Code     0  startup_stm32f10x_md.o(.text)
    USBWakeUp_IRQHandler                     0x0800024f   Thumb Code     0  startup_stm32f10x_md.o(.text)
    USB_HP_CAN1_TX_IRQHandler                0x0800024f   Thumb Code     0  startup_stm32f10x_md.o(.text)
    USB_LP_CAN1_RX0_IRQHandler               0x0800024f   Thumb Code     0  startup_stm32f10x_md.o(.text)
    WWDG_IRQHandler                          0x0800024f   Thumb Code     0  startup_stm32f10x_md.o(.text)
    __user_initial_stackheap                 0x08000251   Thumb Code     0  startup_stm32f10x_md.o(.text)
    sprintf                                  0x08000275   Thumb Code    38  sprintf.o(.text)
    vsprintf                                 0x080002a1   Thumb Code    32  vsprintf.o(.text)
    __use_two_region_memory                  0x080002c5   Thumb Code     2  heapauxi.o(.text)
    __rt_heap_escrow$2region                 0x080002c7   Thumb Code     2  heapauxi.o(.text)
    __rt_heap_expand$2region                 0x080002c9   Thumb Code     2  heapauxi.o(.text)
    _printf_pre_padding                      0x080002cb   Thumb Code    44  _printf_pad.o(.text)
    _printf_post_padding                     0x080002f7   Thumb Code    34  _printf_pad.o(.text)
    _printf_truncate_signed                  0x08000319   Thumb Code    18  _printf_truncate.o(.text)
    _printf_truncate_unsigned                0x0800032b   Thumb Code    18  _printf_truncate.o(.text)
    _printf_str                              0x0800033d   Thumb Code    82  _printf_str.o(.text)
    _printf_int_dec                          0x08000391   Thumb Code   104  _printf_dec.o(.text)
    _printf_charcount                        0x08000409   Thumb Code    40  _printf_charcount.o(.text)
    _printf_char_common                      0x0800043b   Thumb Code    32  _printf_char_common.o(.text)
    _sputc                                   0x08000461   Thumb Code    10  _sputc.o(.text)
    _printf_wctomb                           0x0800046d   Thumb Code   182  _printf_wctomb.o(.text)
    _printf_longlong_dec                     0x08000529   Thumb Code   108  _printf_longlong_dec.o(.text)
    _printf_longlong_oct                     0x080005a5   Thumb Code    68  _printf_oct_int_ll.o(.text)
    _printf_int_oct                          0x080005e9   Thumb Code    24  _printf_oct_int_ll.o(.text)
    _printf_ll_oct                           0x08000601   Thumb Code    12  _printf_oct_int_ll.o(.text)
    _printf_longlong_hex                     0x08000615   Thumb Code    86  _printf_hex_int_ll_ptr.o(.text)
    _printf_int_hex                          0x0800066b   Thumb Code    28  _printf_hex_int_ll_ptr.o(.text)
    _printf_ll_hex                           0x08000687   Thumb Code    12  _printf_hex_int_ll_ptr.o(.text)
    _printf_hex_ptr                          0x08000693   Thumb Code    18  _printf_hex_int_ll_ptr.o(.text)
    __printf                                 0x080006a9   Thumb Code   388  __printf_flags_ss_wp.o(.text)
    _ll_udiv10                               0x08000831   Thumb Code   138  lludiv10.o(.text)
    _printf_int_common                       0x080008bb   Thumb Code   178  _printf_intcommon.o(.text)
    _printf_fp_dec_real                      0x08000b1d   Thumb Code   620  _printf_fp_dec.o(.text)
    _printf_fp_hex_real                      0x08000d89   Thumb Code   756  _printf_fp_hex.o(.text)
    _printf_cs_common                        0x08001085   Thumb Code    20  _printf_char.o(.text)
    _printf_char                             0x08001099   Thumb Code    16  _printf_char.o(.text)
    _printf_string                           0x080010a9   Thumb Code     8  _printf_char.o(.text)
    _printf_lcs_common                       0x080010b1   Thumb Code    20  _printf_wchar.o(.text)
    _printf_wchar                            0x080010c5   Thumb Code    16  _printf_wchar.o(.text)
    _printf_wstring                          0x080010d5   Thumb Code     8  _printf_wchar.o(.text)
    _c16rtomb                                0x080010dd   Thumb Code    72  _c16rtomb.o(.text)
    _wcrtomb                                 0x080010dd   Thumb Code     0  _c16rtomb.o(.text)
    __user_setup_stackheap                   0x08001125   Thumb Code    74  sys_stackheap_outer.o(.text)
    __rt_ctype_table                         0x08001171   Thumb Code    16  rt_ctype_table.o(.text)
    __rt_locale                              0x08001181   Thumb Code     8  rt_locale_intlibspace.o(.text)
    _printf_fp_infnan                        0x08001189   Thumb Code   112  _printf_fp_infnan.o(.text)
    _btod_etento                             0x08001209   Thumb Code   224  bigflt0.o(.text)
    exit                                     0x080012ed   Thumb Code    18  exit.o(.text)
    __user_libspace                          0x08001301   Thumb Code     8  libspace.o(.text)
    __user_perproc_libspace                  0x08001301   Thumb Code     0  libspace.o(.text)
    __user_perthread_libspace                0x08001301   Thumb Code     0  libspace.o(.text)
    strcmp                                   0x08001309   Thumb Code   128  strcmpv7m.o(.text)
    _sys_exit                                0x08001389   Thumb Code     8  sys_exit.o(.text)
    __I$use$semihosting                      0x08001395   Thumb Code     0  use_no_semi.o(.text)
    __use_no_semihosting_swi                 0x08001395   Thumb Code     2  use_no_semi.o(.text)
    __semihosting_library_function           0x08001397   Thumb Code     0  indicate_semi.o(.text)
    ADC_Cmd                                  0x08001399   Thumb Code    44  stm32f10x_adc.o(.text.ADC_Cmd)
    ADC_Config                               0x080013c5   Thumb Code   122  adc.o(.text.ADC_Config)
    ADC_ConversionHandle                     0x08001441   Thumb Code   174  adc_utilities.o(.text.ADC_ConversionHandle)
    ADC_GetConversionValue                   0x080014f1   Thumb Code    14  stm32f10x_adc.o(.text.ADC_GetConversionValue)
    ADC_GetFlagStatus                        0x08001501   Thumb Code    52  stm32f10x_adc.o(.text.ADC_GetFlagStatus)
    ADC_Init                                 0x08001535   Thumb Code   154  stm32f10x_adc.o(.text.ADC_Init)
    ADC_RegularChannelConfig                 0x080015d1   Thumb Code   380  stm32f10x_adc.o(.text.ADC_RegularChannelConfig)
    ADC_SoftwareStartConvCmd                 0x0800174d   Thumb Code    44  stm32f10x_adc.o(.text.ADC_SoftwareStartConvCmd)
    ADC_UtilitiesHandle                      0x08001779   Thumb Code     8  adc_utilities.o(.text.ADC_UtilitiesHandle)
    ADC_Utilities_Init                       0x08001781   Thumb Code     8  adc_utilities.o(.text.ADC_Utilities_Init)
    BCD2_Decimal                             0x08001789   Thumb Code    30  ds3231.o(.text.BCD2_Decimal)
    Button_Init                              0x080017a9   Thumb Code    42  button.o(.text.Button_Init)
    Decimal2BCD                              0x080017d5   Thumb Code    46  ds3231.o(.text.Decimal2BCD)
    Delay_Ms                                 0x08001805   Thumb Code    36  systick.o(.text.Delay_Ms)
    GPIOLED_Config                           0x08001829   Thumb Code    52  clockhandle.o(.text.GPIOLED_Config)
    GPIO_Init                                0x0800185d   Thumb Code   390  stm32f10x_gpio.o(.text.GPIO_Init)
    GPIO_ReadInputDataBit                    0x080019e5   Thumb Code    52  stm32f10x_gpio.o(.text.GPIO_ReadInputDataBit)
    GPIO_ResetBits                           0x08001a19   Thumb Code    20  stm32f10x_gpio.o(.text.GPIO_ResetBits)
    GPIO_SetBits                             0x08001a2d   Thumb Code    20  stm32f10x_gpio.o(.text.GPIO_SetBits)
    I2C_AcknowledgeConfig                    0x08001a41   Thumb Code    44  stm32f10x_i2c.o(.text.I2C_AcknowledgeConfig)
    I2C_CheckEvent                           0x08001a6d   Thumb Code    84  stm32f10x_i2c.o(.text.I2C_CheckEvent)
    I2C_Cmd                                  0x08001ac1   Thumb Code    44  stm32f10x_i2c.o(.text.I2C_Cmd)
    I2C_Config                               0x08001aed   Thumb Code   124  i2c.o(.text.I2C_Config)
    I2C_GenerateSTART                        0x08001b69   Thumb Code    44  stm32f10x_i2c.o(.text.I2C_GenerateSTART)
    I2C_GenerateSTOP                         0x08001b95   Thumb Code    44  stm32f10x_i2c.o(.text.I2C_GenerateSTOP)
    I2C_GetFlagStatus                        0x08001bc1   Thumb Code    98  stm32f10x_i2c.o(.text.I2C_GetFlagStatus)
    I2C_Init                                 0x08001c25   Thumb Code   426  stm32f10x_i2c.o(.text.I2C_Init)
    I2C_Read_Reg                             0x08001dd1   Thumb Code    70  i2c.o(.text.I2C_Read_Reg)
    I2C_ReceiveData                          0x08001e19   Thumb Code    14  stm32f10x_i2c.o(.text.I2C_ReceiveData)
    I2C_Send7bitAddress                      0x08001e29   Thumb Code    60  stm32f10x_i2c.o(.text.I2C_Send7bitAddress)
    I2C_SendData                             0x08001e65   Thumb Code    20  stm32f10x_i2c.o(.text.I2C_SendData)
    I2C_Write_No_Reg                         0x08001e79   Thumb Code    42  i2c.o(.text.I2C_Write_No_Reg)
    I2C_Write_Reg                            0x08001ea5   Thumb Code    54  i2c.o(.text.I2C_Write_Reg)
    I2c_Address_Direction                    0x08001edd   Thumb Code   112  i2c.o(.text.I2c_Address_Direction)
    I2c_Receive_Nack                         0x08001f4d   Thumb Code    56  i2c.o(.text.I2c_Receive_Nack)
    I2c_Start                                0x08001f85   Thumb Code    68  i2c.o(.text.I2c_Start)
    I2c_Stop                                 0x08001fc9   Thumb Code    18  i2c.o(.text.I2c_Stop)
    I2c_Transmit                             0x08001fdd   Thumb Code    54  i2c.o(.text.I2c_Transmit)
    Max_Min_Number                           0x08002015   Thumb Code   102  clockhandle.o(.text.Max_Min_Number)
    PWM_Config                               0x0800207d   Thumb Code    76  tim.o(.text.PWM_Config)
    RCC_APB1PeriphClockCmd                   0x080020c9   Thumb Code    56  stm32f10x_rcc.o(.text.RCC_APB1PeriphClockCmd)
    RCC_APB2PeriphClockCmd                   0x08002101   Thumb Code    56  stm32f10x_rcc.o(.text.RCC_APB2PeriphClockCmd)
    RCC_GetClocksFreq                        0x08002139   Thumb Code   370  stm32f10x_rcc.o(.text.RCC_GetClocksFreq)
    SysTick_Handler                          0x0800242d   Thumb Code    16  systick.o(.text.SysTick_Handler)
    SystemCoreClockUpdate                    0x0800243d   Thumb Code   290  system_stm32f10x.o(.text.SystemCoreClockUpdate)
    SystemInit                               0x08002561   Thumb Code   102  system_stm32f10x.o(.text.SystemInit)
    SystickInit                              0x080025c9   Thumb Code    40  systick.o(.text.SystickInit)
    TIMER_Init                               0x080025f1   Thumb Code    12  tim.o(.text.TIMER_Init)
    TIM_Cmd                                  0x080025fd   Thumb Code    44  stm32f10x_tim.o(.text.TIM_Cmd)
    TIM_Config                               0x08002629   Thumb Code    62  tim.o(.text.TIM_Config)
    TIM_OC1Init                              0x08002669   Thumb Code   354  stm32f10x_tim.o(.text.TIM_OC1Init)
    TIM_TimeBaseInit                         0x080027cd   Thumb Code   322  stm32f10x_tim.o(.text.TIM_TimeBaseInit)
    adjustTime                               0x08002955   Thumb Code   384  clockhandle.o(.text.adjustTime)
    alarmScreen                              0x08002ad5   Thumb Code   212  clockhandle.o(.text.alarmScreen)
    alarmUpdate                              0x08002ba9   Thumb Code    98  clockhandle.o(.text.alarmUpdate)
    btn_press_short_callback                 0x08002c0d   Thumb Code   194  buttoncallback.o(.text.btn_press_short_callback)
    btn_press_timeout_callback               0x08002cd1   Thumb Code    48  buttoncallback.o(.text.btn_press_timeout_callback)
    btn_press_timeout_repeat_callback        0x08002d01   Thumb Code    64  buttoncallback.o(.text.btn_press_timeout_repeat_callback)
    btn_pressing_callback                    0x08002d41   Thumb Code    64  buttoncallback.o(.text.btn_pressing_callback)
    buttonCallBackHandle                     0x08002d81   Thumb Code    40  buttoncallback.o(.text.buttonCallBackHandle)
    buttonCallBackInit                       0x08002da9   Thumb Code    64  buttoncallback.o(.text.buttonCallBackInit)
    button_handle                            0x08002de9   Thumb Code   288  button.o(.text.button_handle)
    checkAlarm                               0x08002f09   Thumb Code   496  clockhandle.o(.text.checkAlarm)
    checkleapYear                            0x080030f9   Thumb Code   124  clockhandle.o(.text.checkleapYear)
    clockHandle                              0x08003175   Thumb Code   146  clockhandle.o(.text.clockHandle)
    clockInit                                0x08003209   Thumb Code    52  clockhandle.o(.text.clockInit)
    clockTimeUpdate                          0x0800323d   Thumb Code    52  clockhandle.o(.text.clockTimeUpdate)
    ds3231_Init                              0x08003271   Thumb Code     8  ds3231.o(.text.ds3231_Init)
    ds3231_getAlarmHour                      0x08003279   Thumb Code    28  ds3231.o(.text.ds3231_getAlarmHour)
    ds3231_getAlarmMin                       0x08003295   Thumb Code    28  ds3231.o(.text.ds3231_getAlarmMin)
    ds3231_getDate                           0x080032b1   Thumb Code    28  ds3231.o(.text.ds3231_getDate)
    ds3231_getDay                            0x080032cd   Thumb Code    28  ds3231.o(.text.ds3231_getDay)
    ds3231_getDayOfWeek                      0x080032e9   Thumb Code   180  ds3231.o(.text.ds3231_getDayOfWeek)
    ds3231_getHours                          0x0800339d   Thumb Code    28  ds3231.o(.text.ds3231_getHours)
    ds3231_getMinutes                        0x080033b9   Thumb Code    28  ds3231.o(.text.ds3231_getMinutes)
    ds3231_getMonth                          0x080033d5   Thumb Code    28  ds3231.o(.text.ds3231_getMonth)
    ds3231_getSeconds                        0x080033f1   Thumb Code    28  ds3231.o(.text.ds3231_getSeconds)
    ds3231_getTemp                           0x0800340d   Thumb Code   120  ds3231.o(.text.ds3231_getTemp)
    ds3231_getTempInterger                   0x08003485   Thumb Code    34  ds3231.o(.text.ds3231_getTempInterger)
    ds3231_getTime                           0x080034a9   Thumb Code    82  ds3231.o(.text.ds3231_getTime)
    ds3231_getYear                           0x080034fd   Thumb Code    28  ds3231.o(.text.ds3231_getYear)
    ds3231_setAlarmHour                      0x08003519   Thumb Code    28  ds3231.o(.text.ds3231_setAlarmHour)
    ds3231_setAlarmMin                       0x08003535   Thumb Code    28  ds3231.o(.text.ds3231_setAlarmMin)
    ds3231_setDate                           0x08003551   Thumb Code    28  ds3231.o(.text.ds3231_setDate)
    ds3231_setDay                            0x0800356d   Thumb Code    28  ds3231.o(.text.ds3231_setDay)
    ds3231_setHours                          0x08003589   Thumb Code    28  ds3231.o(.text.ds3231_setHours)
    ds3231_setMinutes                        0x080035a5   Thumb Code    28  ds3231.o(.text.ds3231_setMinutes)
    ds3231_setMonth                          0x080035c1   Thumb Code    28  ds3231.o(.text.ds3231_setMonth)
    ds3231_setSeconds                        0x080035dd   Thumb Code    28  ds3231.o(.text.ds3231_setSeconds)
    ds3231_setTime                           0x080035f9   Thumb Code    64  ds3231.o(.text.ds3231_setTime)
    ds3231_setYear                           0x08003639   Thumb Code    28  ds3231.o(.text.ds3231_setYear)
    getMaxDate                               0x08003655   Thumb Code   138  clockhandle.o(.text.getMaxDate)
    getTick                                  0x080036e1   Thumb Code    12  systick.o(.text.getTick)
    lcd_clear_display                        0x08003701   Thumb Code    26  liquidcrystal_i2c.o(.text.lcd_clear_display)
    lcd_create_char                          0x0800371d   Thumb Code    82  liquidcrystal_i2c.o(.text.lcd_create_char)
    lcd_init                                 0x08003771   Thumb Code   122  liquidcrystal_i2c.o(.text.lcd_init)
    lcd_printf                               0x080037ed   Thumb Code   120  liquidcrystal_i2c.o(.text.lcd_printf)
    lcd_send_data                            0x080038f9   Thumb Code   156  liquidcrystal_i2c.o(.text.lcd_send_data)
    lcd_set_cursor                           0x08003995   Thumb Code    54  liquidcrystal_i2c.o(.text.lcd_set_cursor)
    lcd_set_cursor_blink_off                 0x080039cd   Thumb Code    32  liquidcrystal_i2c.o(.text.lcd_set_cursor_blink_off)
    main                                     0x080039ed   Thumb Code    36  main.o(.text.main)
    map                                      0x08003a11   Thumb Code    42  servo.o(.text.map)
    resetTimeStart                           0x08003a3d   Thumb Code    18  clockhandle.o(.text.resetTimeStart)
    servo_Init                               0x08003a51   Thumb Code    28  servo.o(.text.servo_Init)
    servo_Write                              0x08003a6d   Thumb Code   124  servo.o(.text.servo_Write)
    settingTimeBlink                         0x08003ae9   Thumb Code   360  clockhandle.o(.text.settingTimeBlink)
    updateTimeNow                            0x08003c51   Thumb Code   252  clockhandle.o(.text.updateTimeNow)
    _btod_d2e                                0x08003d4d   Thumb Code    62  btod.o(CL$$btod_d2e)
    _d2e_denorm_low                          0x08003d8b   Thumb Code    70  btod.o(CL$$btod_d2e_denorm_low)
    _d2e_norm_op1                            0x08003dd1   Thumb Code    96  btod.o(CL$$btod_d2e_norm_op1)
    __btod_div_common                        0x08003e31   Thumb Code   696  btod.o(CL$$btod_div_common)
    _e2e                                     0x08004169   Thumb Code   220  btod.o(CL$$btod_e2e)
    _btod_ediv                               0x08004245   Thumb Code    42  btod.o(CL$$btod_ediv)
    _btod_emul                               0x0800426f   Thumb Code    42  btod.o(CL$$btod_emul)
    __btod_mult_common                       0x08004299   Thumb Code   580  btod.o(CL$$btod_mult_common)
    __ARM_fpclassify                         0x080044dd   Thumb Code    40  fpclassify.o(i.__ARM_fpclassify)
    _is_digit                                0x08004505   Thumb Code    14  __printf_wp.o(i._is_digit)
    _get_lc_numeric                          0x08004515   Thumb Code    44  lc_numeric_c.o(locale$$code)
    _get_lc_ctype                            0x08004541   Thumb Code    44  lc_ctype_c.o(locale$$code)
    __aeabi_d2f                              0x0800456d   Thumb Code     0  d2f.o(x$fpl$d2f)
    _d2f                                     0x0800456d   Thumb Code    98  d2f.o(x$fpl$d2f)
    __aeabi_dadd                             0x080045d1   Thumb Code     0  daddsub_clz.o(x$fpl$dadd)
    _dadd                                    0x080045d1   Thumb Code   332  daddsub_clz.o(x$fpl$dadd)
    __aeabi_i2d                              0x08004721   Thumb Code     0  dflt_clz.o(x$fpl$dflt)
    _dflt                                    0x08004721   Thumb Code    46  dflt_clz.o(x$fpl$dflt)
    __aeabi_dmul                             0x08004751   Thumb Code     0  dmul.o(x$fpl$dmul)
    _dmul                                    0x08004751   Thumb Code   332  dmul.o(x$fpl$dmul)
    __fpl_dnaninf                            0x080048a5   Thumb Code   156  dnaninf.o(x$fpl$dnaninf)
    __fpl_dretinf                            0x08004941   Thumb Code    12  dretinf.o(x$fpl$dretinf)
    __aeabi_dsub                             0x0800494d   Thumb Code     0  daddsub_clz.o(x$fpl$dsub)
    _dsub                                    0x0800494d   Thumb Code   472  daddsub_clz.o(x$fpl$dsub)
    __aeabi_f2iz                             0x08004b29   Thumb Code     0  ffix.o(x$fpl$ffix)
    _ffix                                    0x08004b29   Thumb Code    54  ffix.o(x$fpl$ffix)
    __fpl_fnaninf                            0x08004b5f   Thumb Code   140  fnaninf.o(x$fpl$fnaninf)
    __fpl_fretinf                            0x08004beb   Thumb Code    10  fretinf.o(x$fpl$fretinf)
    _printf_fp_dec                           0x08004bf5   Thumb Code     4  printf1.o(x$fpl$printf1)
    _printf_fp_hex                           0x08004bf9   Thumb Code     4  printf2.o(x$fpl$printf2)
    __I$use$fp                               0x08004bfc   Number         0  usenofp.o(x$fpl$usenofp)
    AHBPrescTable                            0x08004cfc   Data          16  system_stm32f10x.o(.rodata.AHBPrescTable)
    Region$$Table$$Base                      0x08004d7c   Number         0  anon$$obj.o(Region$$Table)
    Region$$Table$$Limit                     0x08004d9c   Number         0  anon$$obj.o(Region$$Table)
    __ctype                                  0x08004dc5   Data           0  lc_ctype_c.o(locale$$data)
    SystemCoreClock                          0x20000000   Data           4  system_stm32f10x.o(.data.SystemCoreClock)
    arrDayOfWeek                             0x20000008   Data          28  clockhandle.o(.data.arrDayOfWeek)
    __libspace_start                         0x20000028   Data          96  libspace.o(.bss)
    Adc                                      0x20000088   Data           2  main.o(.bss.Adc)
    __temporary_stack_top$libspace           0x20000088   Data           0  libspace.o(.bss)
    AdcState                                 0x2000008a   Data           1  adc_utilities.o(.bss.AdcState)
    Angle                                    0x2000008b   Data           1  main.o(.bss.Angle)
    BTN_DOWN                                 0x2000008c   Data          32  main.o(.bss.BTN_DOWN)
    BTN_OK                                   0x200000ac   Data          32  main.o(.bss.BTN_OK)
    BTN_UP                                   0x200000cc   Data          32  main.o(.bss.BTN_UP)
    Clock_State                              0x200000ec   Data           1  clockhandle.o(.bss.Clock_State)
    Servo_State                              0x200000f4   Data           1  clockhandle.o(.bss.Servo_State)
    lcd                                      0x2000010c   Data           3  clockhandle.o(.bss.lcd)
    msTick                                   0x20000110   Data           4  systick.o(.bss.msTick)
    sv1                                      0x20000118   Data           8  clockhandle.o(.bss.sv1)
    temp                                     0x20000120   Data           8  main.o(.bss.temp)
    time                                     0x20000128   Data           9  clockhandle.o(.bss.time)



==============================================================================

Memory Map of the image

  Image Entry point : 0x080000ed

  Load Region LR_IROM1 (Base: 0x08000000, Size: 0x00004ef0, Max: 0x00010000, ABSOLUTE)

    Execution Region ER_IROM1 (Exec base: 0x08000000, Load base: 0x08000000, Size: 0x00004ec8, Max: 0x00010000, ABSOLUTE)

    Exec Addr    Load Addr    Size         Type   Attr      Idx    E Section Name        Object

    0x08000000   0x08000000   0x000000ec   Data   RO          795    RESET               startup_stm32f10x_md.o
    0x080000ec   0x080000ec   0x00000008   Code   RO          827  * !!!main             c_w.l(__main.o)
    0x080000f4   0x080000f4   0x00000034   Code   RO         1192    !!!scatter          c_w.l(__scatter.o)
    0x08000128   0x08000128   0x0000001a   Code   RO         1194    !!handler_copy      c_w.l(__scatter_copy.o)
    0x08000142   0x08000142   0x00000002   PAD
    0x08000144   0x08000144   0x0000001c   Code   RO         1196    !!handler_zi        c_w.l(__scatter_zi.o)
    0x08000160   0x08000160   0x00000000   Code   RO          931    .ARM.Collect$$_printf_percent$$00000000  c_w.l(_printf_percent.o)
    0x08000160   0x08000160   0x00000006   Code   RO          920    .ARM.Collect$$_printf_percent$$00000001  c_w.l(_printf_n.o)
    0x08000166   0x08000166   0x00000006   Code   RO          922    .ARM.Collect$$_printf_percent$$00000002  c_w.l(_printf_p.o)
    0x0800016c   0x0800016c   0x00000006   Code   RO          927    .ARM.Collect$$_printf_percent$$00000003  c_w.l(_printf_f.o)
    0x08000172   0x08000172   0x00000006   Code   RO          928    .ARM.Collect$$_printf_percent$$00000004  c_w.l(_printf_e.o)
    0x08000178   0x08000178   0x00000006   Code   RO          929    .ARM.Collect$$_printf_percent$$00000005  c_w.l(_printf_g.o)
    0x0800017e   0x0800017e   0x00000006   Code   RO          930    .ARM.Collect$$_printf_percent$$00000006  c_w.l(_printf_a.o)
    0x08000184   0x08000184   0x0000000a   Code   RO          935    .ARM.Collect$$_printf_percent$$00000007  c_w.l(_printf_ll.o)
    0x0800018e   0x0800018e   0x00000006   Code   RO          924    .ARM.Collect$$_printf_percent$$00000008  c_w.l(_printf_i.o)
    0x08000194   0x08000194   0x00000006   Code   RO          925    .ARM.Collect$$_printf_percent$$00000009  c_w.l(_printf_d.o)
    0x0800019a   0x0800019a   0x00000006   Code   RO          926    .ARM.Collect$$_printf_percent$$0000000A  c_w.l(_printf_u.o)
    0x080001a0   0x080001a0   0x00000006   Code   RO          923    .ARM.Collect$$_printf_percent$$0000000B  c_w.l(_printf_o.o)
    0x080001a6   0x080001a6   0x00000006   Code   RO          921    .ARM.Collect$$_printf_percent$$0000000C  c_w.l(_printf_x.o)
    0x080001ac   0x080001ac   0x00000006   Code   RO          932    .ARM.Collect$$_printf_percent$$0000000D  c_w.l(_printf_lli.o)
    0x080001b2   0x080001b2   0x00000006   Code   RO          933    .ARM.Collect$$_printf_percent$$0000000E  c_w.l(_printf_lld.o)
    0x080001b8   0x080001b8   0x00000006   Code   RO          934    .ARM.Collect$$_printf_percent$$0000000F  c_w.l(_printf_llu.o)
    0x080001be   0x080001be   0x00000006   Code   RO          939    .ARM.Collect$$_printf_percent$$00000010  c_w.l(_printf_llo.o)
    0x080001c4   0x080001c4   0x00000006   Code   RO          940    .ARM.Collect$$_printf_percent$$00000011  c_w.l(_printf_llx.o)
    0x080001ca   0x080001ca   0x0000000a   Code   RO          936    .ARM.Collect$$_printf_percent$$00000012  c_w.l(_printf_l.o)
    0x080001d4   0x080001d4   0x00000006   Code   RO          918    .ARM.Collect$$_printf_percent$$00000013  c_w.l(_printf_c.o)
    0x080001da   0x080001da   0x00000006   Code   RO          919    .ARM.Collect$$_printf_percent$$00000014  c_w.l(_printf_s.o)
    0x080001e0   0x080001e0   0x00000006   Code   RO          937    .ARM.Collect$$_printf_percent$$00000015  c_w.l(_printf_lc.o)
    0x080001e6   0x080001e6   0x00000006   Code   RO          938    .ARM.Collect$$_printf_percent$$00000016  c_w.l(_printf_ls.o)
    0x080001ec   0x080001ec   0x00000004   Code   RO          990    .ARM.Collect$$_printf_percent$$00000017  c_w.l(_printf_percent_end.o)
    0x080001f0   0x080001f0   0x00000002   Code   RO         1041    .ARM.Collect$$libinit$$00000000  c_w.l(libinit.o)
    0x080001f2   0x080001f2   0x00000000   Code   RO         1059    .ARM.Collect$$libinit$$00000002  c_w.l(libinit2.o)
    0x080001f2   0x080001f2   0x00000000   Code   RO         1061    .ARM.Collect$$libinit$$00000004  c_w.l(libinit2.o)
    0x080001f2   0x080001f2   0x00000000   Code   RO         1063    .ARM.Collect$$libinit$$00000006  c_w.l(libinit2.o)
    0x080001f2   0x080001f2   0x00000000   Code   RO         1066    .ARM.Collect$$libinit$$0000000C  c_w.l(libinit2.o)
    0x080001f2   0x080001f2   0x00000000   Code   RO         1068    .ARM.Collect$$libinit$$0000000E  c_w.l(libinit2.o)
    0x080001f2   0x080001f2   0x00000000   Code   RO         1070    .ARM.Collect$$libinit$$00000010  c_w.l(libinit2.o)
    0x080001f2   0x080001f2   0x00000006   Code   RO         1071    .ARM.Collect$$libinit$$00000011  c_w.l(libinit2.o)
    0x080001f8   0x080001f8   0x00000000   Code   RO         1073    .ARM.Collect$$libinit$$00000013  c_w.l(libinit2.o)
    0x080001f8   0x080001f8   0x0000000c   Code   RO         1074    .ARM.Collect$$libinit$$00000014  c_w.l(libinit2.o)
    0x08000204   0x08000204   0x00000000   Code   RO         1075    .ARM.Collect$$libinit$$00000015  c_w.l(libinit2.o)
    0x08000204   0x08000204   0x00000000   Code   RO         1077    .ARM.Collect$$libinit$$00000017  c_w.l(libinit2.o)
    0x08000204   0x08000204   0x0000000a   Code   RO         1078    .ARM.Collect$$libinit$$00000018  c_w.l(libinit2.o)
    0x0800020e   0x0800020e   0x00000000   Code   RO         1079    .ARM.Collect$$libinit$$00000019  c_w.l(libinit2.o)
    0x0800020e   0x0800020e   0x00000000   Code   RO         1081    .ARM.Collect$$libinit$$0000001B  c_w.l(libinit2.o)
    0x0800020e   0x0800020e   0x00000000   Code   RO         1083    .ARM.Collect$$libinit$$0000001D  c_w.l(libinit2.o)
    0x0800020e   0x0800020e   0x00000000   Code   RO         1085    .ARM.Collect$$libinit$$0000001F  c_w.l(libinit2.o)
    0x0800020e   0x0800020e   0x00000000   Code   RO         1087    .ARM.Collect$$libinit$$00000021  c_w.l(libinit2.o)
    0x0800020e   0x0800020e   0x00000000   Code   RO         1089    .ARM.Collect$$libinit$$00000023  c_w.l(libinit2.o)
    0x0800020e   0x0800020e   0x00000000   Code   RO         1091    .ARM.Collect$$libinit$$00000025  c_w.l(libinit2.o)
    0x0800020e   0x0800020e   0x00000000   Code   RO         1093    .ARM.Collect$$libinit$$00000027  c_w.l(libinit2.o)
    0x0800020e   0x0800020e   0x00000000   Code   RO         1097    .ARM.Collect$$libinit$$0000002E  c_w.l(libinit2.o)
    0x0800020e   0x0800020e   0x00000000   Code   RO         1099    .ARM.Collect$$libinit$$00000030  c_w.l(libinit2.o)
    0x0800020e   0x0800020e   0x00000000   Code   RO         1101    .ARM.Collect$$libinit$$00000032  c_w.l(libinit2.o)
    0x0800020e   0x0800020e   0x00000000   Code   RO         1103    .ARM.Collect$$libinit$$00000034  c_w.l(libinit2.o)
    0x0800020e   0x0800020e   0x00000002   Code   RO         1104    .ARM.Collect$$libinit$$00000035  c_w.l(libinit2.o)
    0x08000210   0x08000210   0x00000002   Code   RO         1128    .ARM.Collect$$libshutdown$$00000000  c_w.l(libshutdown.o)
    0x08000212   0x08000212   0x00000000   Code   RO         1143    .ARM.Collect$$libshutdown$$00000002  c_w.l(libshutdown2.o)
    0x08000212   0x08000212   0x00000000   Code   RO         1145    .ARM.Collect$$libshutdown$$00000004  c_w.l(libshutdown2.o)
    0x08000212   0x08000212   0x00000000   Code   RO         1148    .ARM.Collect$$libshutdown$$00000007  c_w.l(libshutdown2.o)
    0x08000212   0x08000212   0x00000000   Code   RO         1151    .ARM.Collect$$libshutdown$$0000000A  c_w.l(libshutdown2.o)
    0x08000212   0x08000212   0x00000000   Code   RO         1153    .ARM.Collect$$libshutdown$$0000000C  c_w.l(libshutdown2.o)
    0x08000212   0x08000212   0x00000000   Code   RO         1156    .ARM.Collect$$libshutdown$$0000000F  c_w.l(libshutdown2.o)
    0x08000212   0x08000212   0x00000002   Code   RO         1157    .ARM.Collect$$libshutdown$$00000010  c_w.l(libshutdown2.o)
    0x08000214   0x08000214   0x00000000   Code   RO          849    .ARM.Collect$$rtentry$$00000000  c_w.l(__rtentry.o)
    0x08000214   0x08000214   0x00000000   Code   RO          959    .ARM.Collect$$rtentry$$00000002  c_w.l(__rtentry2.o)
    0x08000214   0x08000214   0x00000006   Code   RO          971    .ARM.Collect$$rtentry$$00000004  c_w.l(__rtentry4.o)
    0x0800021a   0x0800021a   0x00000000   Code   RO          961    .ARM.Collect$$rtentry$$00000009  c_w.l(__rtentry2.o)
    0x0800021a   0x0800021a   0x00000004   Code   RO          962    .ARM.Collect$$rtentry$$0000000A  c_w.l(__rtentry2.o)
    0x0800021e   0x0800021e   0x00000000   Code   RO          964    .ARM.Collect$$rtentry$$0000000C  c_w.l(__rtentry2.o)
    0x0800021e   0x0800021e   0x00000008   Code   RO          965    .ARM.Collect$$rtentry$$0000000D  c_w.l(__rtentry2.o)
    0x08000226   0x08000226   0x00000002   Code   RO         1049    .ARM.Collect$$rtexit$$00000000  c_w.l(rtexit.o)
    0x08000228   0x08000228   0x00000000   Code   RO         1106    .ARM.Collect$$rtexit$$00000002  c_w.l(rtexit2.o)
    0x08000228   0x08000228   0x00000004   Code   RO         1107    .ARM.Collect$$rtexit$$00000003  c_w.l(rtexit2.o)
    0x0800022c   0x0800022c   0x00000006   Code   RO         1108    .ARM.Collect$$rtexit$$00000004  c_w.l(rtexit2.o)
    0x08000232   0x08000232   0x00000002   PAD
    0x08000234   0x08000234   0x00000040   Code   RO          796    .text               startup_stm32f10x_md.o
    0x08000274   0x08000274   0x0000002c   Code   RO          821    .text               c_w.l(sprintf.o)
    0x080002a0   0x080002a0   0x00000024   Code   RO          823    .text               c_w.l(vsprintf.o)
    0x080002c4   0x080002c4   0x00000006   Code   RO          825    .text               c_w.l(heapauxi.o)
    0x080002ca   0x080002ca   0x0000004e   Code   RO          852    .text               c_w.l(_printf_pad.o)
    0x08000318   0x08000318   0x00000024   Code   RO          854    .text               c_w.l(_printf_truncate.o)
    0x0800033c   0x0800033c   0x00000052   Code   RO          856    .text               c_w.l(_printf_str.o)
    0x0800038e   0x0800038e   0x00000002   PAD
    0x08000390   0x08000390   0x00000078   Code   RO          858    .text               c_w.l(_printf_dec.o)
    0x08000408   0x08000408   0x00000028   Code   RO          860    .text               c_w.l(_printf_charcount.o)
    0x08000430   0x08000430   0x00000030   Code   RO          862    .text               c_w.l(_printf_char_common.o)
    0x08000460   0x08000460   0x0000000a   Code   RO          864    .text               c_w.l(_sputc.o)
    0x0800046a   0x0800046a   0x00000002   PAD
    0x0800046c   0x0800046c   0x000000bc   Code   RO          866    .text               c_w.l(_printf_wctomb.o)
    0x08000528   0x08000528   0x0000007c   Code   RO          869    .text               c_w.l(_printf_longlong_dec.o)
    0x080005a4   0x080005a4   0x00000070   Code   RO          875    .text               c_w.l(_printf_oct_int_ll.o)
    0x08000614   0x08000614   0x00000094   Code   RO          895    .text               c_w.l(_printf_hex_int_ll_ptr.o)
    0x080006a8   0x080006a8   0x00000188   Code   RO          915    .text               c_w.l(__printf_flags_ss_wp.o)
    0x08000830   0x08000830   0x0000008a   Code   RO          973    .text               c_w.l(lludiv10.o)
    0x080008ba   0x080008ba   0x000000b2   Code   RO          975    .text               c_w.l(_printf_intcommon.o)
    0x0800096c   0x0800096c   0x0000041c   Code   RO          977    .text               c_w.l(_printf_fp_dec.o)
    0x08000d88   0x08000d88   0x000002fc   Code   RO          981    .text               c_w.l(_printf_fp_hex.o)
    0x08001084   0x08001084   0x0000002c   Code   RO          986    .text               c_w.l(_printf_char.o)
    0x080010b0   0x080010b0   0x0000002c   Code   RO          988    .text               c_w.l(_printf_wchar.o)
    0x080010dc   0x080010dc   0x00000048   Code   RO          991    .text               c_w.l(_c16rtomb.o)
    0x08001124   0x08001124   0x0000004a   Code   RO          993    .text               c_w.l(sys_stackheap_outer.o)
    0x0800116e   0x0800116e   0x00000002   PAD
    0x08001170   0x08001170   0x00000010   Code   RO          995    .text               c_w.l(rt_ctype_table.o)
    0x08001180   0x08001180   0x00000008   Code   RO         1000    .text               c_w.l(rt_locale_intlibspace.o)
    0x08001188   0x08001188   0x00000080   Code   RO         1002    .text               c_w.l(_printf_fp_infnan.o)
    0x08001208   0x08001208   0x000000e4   Code   RO         1004    .text               c_w.l(bigflt0.o)
    0x080012ec   0x080012ec   0x00000012   Code   RO         1034    .text               c_w.l(exit.o)
    0x080012fe   0x080012fe   0x00000002   PAD
    0x08001300   0x08001300   0x00000008   Code   RO         1046    .text               c_w.l(libspace.o)
    0x08001308   0x08001308   0x00000080   Code   RO         1056    .text               c_w.l(strcmpv7m.o)
    0x08001388   0x08001388   0x0000000c   Code   RO         1118    .text               c_w.l(sys_exit.o)
    0x08001394   0x08001394   0x00000002   Code   RO         1133    .text               c_w.l(use_no_semi.o)
    0x08001396   0x08001396   0x00000000   Code   RO         1135    .text               c_w.l(indicate_semi.o)
    0x08001396   0x08001396   0x00000002   PAD
    0x08001398   0x08001398   0x0000002c   Code   RO          328    .text.ADC_Cmd       stm32f10x_adc.o
    0x080013c4   0x080013c4   0x0000007a   Code   RO           17    .text.ADC_Config    adc.o
    0x0800143e   0x0800143e   0x00000002   PAD
    0x08001440   0x08001440   0x000000ae   Code   RO          216    .text.ADC_ConversionHandle  adc_utilities.o
    0x080014ee   0x080014ee   0x00000002   PAD
    0x080014f0   0x080014f0   0x0000000e   Code   RO          354    .text.ADC_GetConversionValue  stm32f10x_adc.o
    0x080014fe   0x080014fe   0x00000002   PAD
    0x08001500   0x08001500   0x00000034   Code   RO          386    .text.ADC_GetFlagStatus  stm32f10x_adc.o
    0x08001534   0x08001534   0x0000009a   Code   RO          324    .text.ADC_Init      stm32f10x_adc.o
    0x080015ce   0x080015ce   0x00000002   PAD
    0x080015d0   0x080015d0   0x0000017c   Code   RO          350    .text.ADC_RegularChannelConfig  stm32f10x_adc.o
    0x0800174c   0x0800174c   0x0000002c   Code   RO          342    .text.ADC_SoftwareStartConvCmd  stm32f10x_adc.o
    0x08001778   0x08001778   0x00000008   Code   RO          220    .text.ADC_UtilitiesHandle  adc_utilities.o
    0x08001780   0x08001780   0x00000008   Code   RO          218    .text.ADC_Utilities_Init  adc_utilities.o
    0x08001788   0x08001788   0x0000001e   Code   RO           40    .text.BCD2_Decimal  ds3231.o
    0x080017a6   0x080017a6   0x00000002   PAD
    0x080017a8   0x080017a8   0x0000002a   Code   RO           27    .text.Button_Init   button.o
    0x080017d2   0x080017d2   0x00000002   PAD
    0x080017d4   0x080017d4   0x0000002e   Code   RO           38    .text.Decimal2BCD   ds3231.o
    0x08001802   0x08001802   0x00000002   PAD
    0x08001804   0x08001804   0x00000024   Code   RO          191    .text.Delay_Ms      systick.o
    0x08001828   0x08001828   0x00000034   Code   RO          273    .text.GPIOLED_Config  clockhandle.o
    0x0800185c   0x0800185c   0x00000186   Code   RO          405    .text.GPIO_Init     stm32f10x_gpio.o
    0x080019e2   0x080019e2   0x00000002   PAD
    0x080019e4   0x080019e4   0x00000034   Code   RO          409    .text.GPIO_ReadInputDataBit  stm32f10x_gpio.o
    0x08001a18   0x08001a18   0x00000014   Code   RO          419    .text.GPIO_ResetBits  stm32f10x_gpio.o
    0x08001a2c   0x08001a2c   0x00000014   Code   RO          417    .text.GPIO_SetBits  stm32f10x_gpio.o
    0x08001a40   0x08001a40   0x0000002c   Code   RO          460    .text.I2C_AcknowledgeConfig  stm32f10x_i2c.o
    0x08001a6c   0x08001a6c   0x00000054   Code   RO          498    .text.I2C_CheckEvent  stm32f10x_i2c.o
    0x08001ac0   0x08001ac0   0x0000002c   Code   RO          450    .text.I2C_Cmd       stm32f10x_i2c.o
    0x08001aec   0x08001aec   0x0000007c   Code   RO           97    .text.I2C_Config    i2c.o
    0x08001b68   0x08001b68   0x0000002c   Code   RO          456    .text.I2C_GenerateSTART  stm32f10x_i2c.o
    0x08001b94   0x08001b94   0x0000002c   Code   RO          458    .text.I2C_GenerateSTOP  stm32f10x_i2c.o
    0x08001bc0   0x08001bc0   0x00000062   Code   RO          502    .text.I2C_GetFlagStatus  stm32f10x_i2c.o
    0x08001c22   0x08001c22   0x00000002   PAD
    0x08001c24   0x08001c24   0x000001aa   Code   RO          446    .text.I2C_Init      stm32f10x_i2c.o
    0x08001dce   0x08001dce   0x00000002   PAD
    0x08001dd0   0x08001dd0   0x00000046   Code   RO          111    .text.I2C_Read_Reg  i2c.o
    0x08001e16   0x08001e16   0x00000002   PAD
    0x08001e18   0x08001e18   0x0000000e   Code   RO          472    .text.I2C_ReceiveData  stm32f10x_i2c.o
    0x08001e26   0x08001e26   0x00000002   PAD
    0x08001e28   0x08001e28   0x0000003c   Code   RO          474    .text.I2C_Send7bitAddress  stm32f10x_i2c.o
    0x08001e64   0x08001e64   0x00000014   Code   RO          470    .text.I2C_SendData  stm32f10x_i2c.o
    0x08001e78   0x08001e78   0x0000002a   Code   RO          109    .text.I2C_Write_No_Reg  i2c.o
    0x08001ea2   0x08001ea2   0x00000002   PAD
    0x08001ea4   0x08001ea4   0x00000036   Code   RO           99    .text.I2C_Write_Reg  i2c.o
    0x08001eda   0x08001eda   0x00000002   PAD
    0x08001edc   0x08001edc   0x00000070   Code   RO          103    .text.I2c_Address_Direction  i2c.o
    0x08001f4c   0x08001f4c   0x00000038   Code   RO          113    .text.I2c_Receive_Nack  i2c.o
    0x08001f84   0x08001f84   0x00000044   Code   RO          101    .text.I2c_Start     i2c.o
    0x08001fc8   0x08001fc8   0x00000012   Code   RO          107    .text.I2c_Stop      i2c.o
    0x08001fda   0x08001fda   0x00000002   PAD
    0x08001fdc   0x08001fdc   0x00000036   Code   RO          105    .text.I2c_Transmit  i2c.o
    0x08002012   0x08002012   0x00000002   PAD
    0x08002014   0x08002014   0x00000066   Code   RO          251    .text.Max_Min_Number  clockhandle.o
    0x0800207a   0x0800207a   0x00000002   PAD
    0x0800207c   0x0800207c   0x0000004c   Code   RO          205    .text.PWM_Config    tim.o
    0x080020c8   0x080020c8   0x00000038   Code   RO          563    .text.RCC_APB1PeriphClockCmd  stm32f10x_rcc.o
    0x08002100   0x08002100   0x00000038   Code   RO          561    .text.RCC_APB2PeriphClockCmd  stm32f10x_rcc.o
    0x08002138   0x08002138   0x00000172   Code   RO          557    .text.RCC_GetClocksFreq  stm32f10x_rcc.o
    0x080022aa   0x080022aa   0x00000002   PAD
    0x080022ac   0x080022ac   0x00000008   Code   RO          805    .text.SetSysClock   system_stm32f10x.o
    0x080022b4   0x080022b4   0x00000122   Code   RO          809    .text.SetSysClockTo72  system_stm32f10x.o
    0x080023d6   0x080023d6   0x00000002   PAD
    0x080023d8   0x080023d8   0x00000052   Code   RO          187    .text.SysTick_Config  systick.o
    0x0800242a   0x0800242a   0x00000002   PAD
    0x0800242c   0x0800242c   0x00000010   Code   RO          183    .text.SysTick_Handler  systick.o
    0x0800243c   0x0800243c   0x00000122   Code   RO          807    .text.SystemCoreClockUpdate  system_stm32f10x.o
    0x0800255e   0x0800255e   0x00000002   PAD
    0x08002560   0x08002560   0x00000066   Code   RO          803    .text.SystemInit    system_stm32f10x.o
    0x080025c6   0x080025c6   0x00000002   PAD
    0x080025c8   0x080025c8   0x00000028   Code   RO          185    .text.SystickInit   systick.o
    0x080025f0   0x080025f0   0x0000000c   Code   RO          207    .text.TIMER_Init    tim.o
    0x080025fc   0x080025fc   0x0000002c   Code   RO          632    .text.TIM_Cmd       stm32f10x_tim.o
    0x08002628   0x08002628   0x0000003e   Code   RO          203    .text.TIM_Config    tim.o
    0x08002666   0x08002666   0x00000002   PAD
    0x08002668   0x08002668   0x00000162   Code   RO          594    .text.TIM_OC1Init   stm32f10x_tim.o
    0x080027ca   0x080027ca   0x00000002   PAD
    0x080027cc   0x080027cc   0x00000142   Code   RO          592    .text.TIM_TimeBaseInit  stm32f10x_tim.o
    0x0800290e   0x0800290e   0x00000002   PAD
    0x08002910   0x08002910   0x00000042   Code   RO          193    .text.__NVIC_SetPriority  systick.o
    0x08002952   0x08002952   0x00000002   PAD
    0x08002954   0x08002954   0x00000180   Code   RO          257    .text.adjustTime    clockhandle.o
    0x08002ad4   0x08002ad4   0x000000d4   Code   RO          271    .text.alarmScreen   clockhandle.o
    0x08002ba8   0x08002ba8   0x00000062   Code   RO          269    .text.alarmUpdate   clockhandle.o
    0x08002c0a   0x08002c0a   0x00000002   PAD
    0x08002c0c   0x08002c0c   0x000000c2   Code   RO          232    .text.btn_press_short_callback  buttoncallback.o
    0x08002cce   0x08002cce   0x00000002   PAD
    0x08002cd0   0x08002cd0   0x00000030   Code   RO          234    .text.btn_press_timeout_callback  buttoncallback.o
    0x08002d00   0x08002d00   0x00000040   Code   RO          236    .text.btn_press_timeout_repeat_callback  buttoncallback.o
    0x08002d40   0x08002d40   0x00000040   Code   RO          230    .text.btn_pressing_callback  buttoncallback.o
    0x08002d80   0x08002d80   0x00000028   Code   RO          242    .text.buttonCallBackHandle  buttoncallback.o
    0x08002da8   0x08002da8   0x00000040   Code   RO          240    .text.buttonCallBackInit  buttoncallback.o
    0x08002de8   0x08002de8   0x00000120   Code   RO           25    .text.button_handle  button.o
    0x08002f08   0x08002f08   0x000001f0   Code   RO          267    .text.checkAlarm    clockhandle.o
    0x080030f8   0x080030f8   0x0000007c   Code   RO          253    .text.checkleapYear  clockhandle.o
    0x08003174   0x08003174   0x00000092   Code   RO          275    .text.clockHandle   clockhandle.o
    0x08003206   0x08003206   0x00000002   PAD
    0x08003208   0x08003208   0x00000034   Code   RO          277    .text.clockInit     clockhandle.o
    0x0800323c   0x0800323c   0x00000034   Code   RO          263    .text.clockTimeUpdate  clockhandle.o
    0x08003270   0x08003270   0x00000008   Code   RO           36    .text.ds3231_Init   ds3231.o
    0x08003278   0x08003278   0x0000001c   Code   RO           74    .text.ds3231_getAlarmHour  ds3231.o
    0x08003294   0x08003294   0x0000001c   Code   RO           78    .text.ds3231_getAlarmMin  ds3231.o
    0x080032b0   0x080032b0   0x0000001c   Code   RO           62    .text.ds3231_getDate  ds3231.o
    0x080032cc   0x080032cc   0x0000001c   Code   RO           56    .text.ds3231_getDay  ds3231.o
    0x080032e8   0x080032e8   0x000000b4   Code   RO           58    .text.ds3231_getDayOfWeek  ds3231.o
    0x0800339c   0x0800339c   0x0000001c   Code   RO           52    .text.ds3231_getHours  ds3231.o
    0x080033b8   0x080033b8   0x0000001c   Code   RO           48    .text.ds3231_getMinutes  ds3231.o
    0x080033d4   0x080033d4   0x0000001c   Code   RO           66    .text.ds3231_getMonth  ds3231.o
    0x080033f0   0x080033f0   0x0000001c   Code   RO           44    .text.ds3231_getSeconds  ds3231.o
    0x0800340c   0x0800340c   0x00000078   Code   RO           88    .text.ds3231_getTemp  ds3231.o
    0x08003484   0x08003484   0x00000022   Code   RO           84    .text.ds3231_getTempInterger  ds3231.o
    0x080034a6   0x080034a6   0x00000002   PAD
    0x080034a8   0x080034a8   0x00000052   Code   RO           82    .text.ds3231_getTime  ds3231.o
    0x080034fa   0x080034fa   0x00000002   PAD
    0x080034fc   0x080034fc   0x0000001c   Code   RO           70    .text.ds3231_getYear  ds3231.o
    0x08003518   0x08003518   0x0000001c   Code   RO           72    .text.ds3231_setAlarmHour  ds3231.o
    0x08003534   0x08003534   0x0000001c   Code   RO           76    .text.ds3231_setAlarmMin  ds3231.o
    0x08003550   0x08003550   0x0000001c   Code   RO           60    .text.ds3231_setDate  ds3231.o
    0x0800356c   0x0800356c   0x0000001c   Code   RO           54    .text.ds3231_setDay  ds3231.o
    0x08003588   0x08003588   0x0000001c   Code   RO           50    .text.ds3231_setHours  ds3231.o
    0x080035a4   0x080035a4   0x0000001c   Code   RO           46    .text.ds3231_setMinutes  ds3231.o
    0x080035c0   0x080035c0   0x0000001c   Code   RO           64    .text.ds3231_setMonth  ds3231.o
    0x080035dc   0x080035dc   0x0000001c   Code   RO           42    .text.ds3231_setSeconds  ds3231.o
    0x080035f8   0x080035f8   0x00000040   Code   RO           80    .text.ds3231_setTime  ds3231.o
    0x08003638   0x08003638   0x0000001c   Code   RO           68    .text.ds3231_setYear  ds3231.o
    0x08003654   0x08003654   0x0000008a   Code   RO          255    .text.getMaxDate    clockhandle.o
    0x080036de   0x080036de   0x00000002   PAD
    0x080036e0   0x080036e0   0x0000000c   Code   RO          189    .text.getTick       systick.o
    0x080036ec   0x080036ec   0x00000014   Code   RO          134    .text.lcdDelay      liquidcrystal_i2c.o
    0x08003700   0x08003700   0x0000001a   Code   RO          130    .text.lcd_clear_display  liquidcrystal_i2c.o
    0x0800371a   0x0800371a   0x00000002   PAD
    0x0800371c   0x0800371c   0x00000052   Code   RO          154    .text.lcd_create_char  liquidcrystal_i2c.o
    0x0800376e   0x0800376e   0x00000002   PAD
    0x08003770   0x08003770   0x0000007a   Code   RO          160    .text.lcd_init      liquidcrystal_i2c.o
    0x080037ea   0x080037ea   0x00000002   PAD
    0x080037ec   0x080037ec   0x00000078   Code   RO          158    .text.lcd_printf    liquidcrystal_i2c.o
    0x08003864   0x08003864   0x00000094   Code   RO          132    .text.lcd_send_cmd  liquidcrystal_i2c.o
    0x080038f8   0x080038f8   0x0000009c   Code   RO          126    .text.lcd_send_data  liquidcrystal_i2c.o
    0x08003994   0x08003994   0x00000036   Code   RO          144    .text.lcd_set_cursor  liquidcrystal_i2c.o
    0x080039ca   0x080039ca   0x00000002   PAD
    0x080039cc   0x080039cc   0x00000020   Code   RO          152    .text.lcd_set_cursor_blink_off  liquidcrystal_i2c.o
    0x080039ec   0x080039ec   0x00000024   Code   RO            2    .text.main          main.o
    0x08003a10   0x08003a10   0x0000002a   Code   RO          170    .text.map           servo.o
    0x08003a3a   0x08003a3a   0x00000002   PAD
    0x08003a3c   0x08003a3c   0x00000012   Code   RO          259    .text.resetTimeStart  clockhandle.o
    0x08003a4e   0x08003a4e   0x00000002   PAD
    0x08003a50   0x08003a50   0x0000001c   Code   RO          174    .text.servo_Init    servo.o
    0x08003a6c   0x08003a6c   0x0000007c   Code   RO          172    .text.servo_Write   servo.o
    0x08003ae8   0x08003ae8   0x00000168   Code   RO          265    .text.settingTimeBlink  clockhandle.o
    0x08003c50   0x08003c50   0x000000fc   Code   RO          261    .text.updateTimeNow  clockhandle.o
    0x08003d4c   0x08003d4c   0x0000003e   Code   RO         1007    CL$$btod_d2e        c_w.l(btod.o)
    0x08003d8a   0x08003d8a   0x00000046   Code   RO         1009    CL$$btod_d2e_denorm_low  c_w.l(btod.o)
    0x08003dd0   0x08003dd0   0x00000060   Code   RO         1008    CL$$btod_d2e_norm_op1  c_w.l(btod.o)
    0x08003e30   0x08003e30   0x00000338   Code   RO         1017    CL$$btod_div_common  c_w.l(btod.o)
    0x08004168   0x08004168   0x000000dc   Code   RO         1014    CL$$btod_e2e        c_w.l(btod.o)
    0x08004244   0x08004244   0x0000002a   Code   RO         1011    CL$$btod_ediv       c_w.l(btod.o)
    0x0800426e   0x0800426e   0x0000002a   Code   RO         1010    CL$$btod_emul       c_w.l(btod.o)
    0x08004298   0x08004298   0x00000244   Code   RO         1016    CL$$btod_mult_common  c_w.l(btod.o)
    0x080044dc   0x080044dc   0x00000028   Code   RO         1044    i.__ARM_fpclassify  m_ws.l(fpclassify.o)
    0x08004504   0x08004504   0x0000000e   Code   RO          908    i._is_digit         c_w.l(__printf_wp.o)
    0x08004512   0x08004512   0x00000002   PAD
    0x08004514   0x08004514   0x0000002c   Code   RO         1032    locale$$code        c_w.l(lc_numeric_c.o)
    0x08004540   0x08004540   0x0000002c   Code   RO         1054    locale$$code        c_w.l(lc_ctype_c.o)
    0x0800456c   0x0800456c   0x00000062   Code   RO          829    x$fpl$d2f           fz_ws.l(d2f.o)
    0x080045ce   0x080045ce   0x00000002   PAD
    0x080045d0   0x080045d0   0x00000150   Code   RO          831    x$fpl$dadd          fz_ws.l(daddsub_clz.o)
    0x08004720   0x08004720   0x0000002e   Code   RO          838    x$fpl$dflt          fz_ws.l(dflt_clz.o)
    0x0800474e   0x0800474e   0x00000002   PAD
    0x08004750   0x08004750   0x00000154   Code   RO          843    x$fpl$dmul          fz_ws.l(dmul.o)
    0x080048a4   0x080048a4   0x0000009c   Code   RO          941    x$fpl$dnaninf       fz_ws.l(dnaninf.o)
    0x08004940   0x08004940   0x0000000c   Code   RO          943    x$fpl$dretinf       fz_ws.l(dretinf.o)
    0x0800494c   0x0800494c   0x000001dc   Code   RO          833    x$fpl$dsub          fz_ws.l(daddsub_clz.o)
    0x08004b28   0x08004b28   0x00000036   Code   RO          845    x$fpl$ffix          fz_ws.l(ffix.o)
    0x08004b5e   0x08004b5e   0x0000008c   Code   RO          945    x$fpl$fnaninf       fz_ws.l(fnaninf.o)
    0x08004bea   0x08004bea   0x0000000a   Code   RO          947    x$fpl$fretinf       fz_ws.l(fretinf.o)
    0x08004bf4   0x08004bf4   0x00000004   Code   RO          949    x$fpl$printf1       fz_ws.l(printf1.o)
    0x08004bf8   0x08004bf8   0x00000004   Code   RO          951    x$fpl$printf2       fz_ws.l(printf2.o)
    0x08004bfc   0x08004bfc   0x00000000   Code   RO          957    x$fpl$usenofp       fz_ws.l(usenofp.o)
    0x08004bfc   0x08004bfc   0x00000008   Data   RO          867    .constdata          c_w.l(_printf_wctomb.o)
    0x08004c04   0x08004c04   0x00000028   Data   RO          896    .constdata          c_w.l(_printf_hex_int_ll_ptr.o)
    0x08004c2c   0x08004c2c   0x00000011   Data   RO          916    .constdata          c_w.l(__printf_flags_ss_wp.o)
    0x08004c3d   0x08004c3d   0x00000026   Data   RO          982    .constdata          c_w.l(_printf_fp_hex.o)
    0x08004c63   0x08004c63   0x00000001   PAD
    0x08004c64   0x08004c64   0x00000094   Data   RO         1005    .constdata          c_w.l(bigflt0.o)
    0x08004cf8   0x08004cf8   0x00000004   Data   RO          582    .rodata.ADCPrescTable  stm32f10x_rcc.o
    0x08004cfc   0x08004cfc   0x00000010   Data   RO          812    .rodata.AHBPrescTable  system_stm32f10x.o
    0x08004d0c   0x08004d0c   0x00000010   Data   RO          581    .rodata.APBAHBPrescTable  stm32f10x_rcc.o
    0x08004d1c   0x08004d1c   0x0000005f   Data   RO          280    .rodata.str1.1      clockhandle.o
    0x08004d7b   0x08004d7b   0x00000001   PAD
    0x08004d7c   0x08004d7c   0x00000020   Data   RO         1191    Region$$Table       anon$$obj.o
    0x08004d9c   0x08004d9c   0x0000001c   Data   RO         1031    locale$$data        c_w.l(lc_numeric_c.o)
    0x08004db8   0x08004db8   0x00000110   Data   RO         1053    locale$$data        c_w.l(lc_ctype_c.o)


    Execution Region RW_IRAM1 (Exec base: 0x20000000, Load base: 0x08004ec8, Size: 0x00000738, Max: 0x00005000, ABSOLUTE)

    Exec Addr    Load Addr    Size         Type   Attr      Idx    E Section Name        Object

    0x20000000   0x08004ec8   0x00000004   Data   RW          811    .data.SystemCoreClock  system_stm32f10x.o
    0x20000004   0x08004ecc   0x00000001   Data   RW          297    .data.alarmScreen.is_Show  clockhandle.o
    0x20000005   0x08004ecd   0x00000003   PAD
    0x20000008   0x08004ed0   0x0000001c   Data   RW          281    .data.arrDayOfWeek  clockhandle.o
    0x20000024   0x08004eec   0x00000001   Data   RW          295    .data.checkAlarm.is_Show  clockhandle.o
    0x20000025   0x08004eed   0x00000001   Data   RW          288    .data.settingTimeBlink.is_Show  clockhandle.o
    0x20000026   0x08004eee   0x00000002   PAD
    0x20000028        -       0x00000060   Zero   RW         1047    .bss                c_w.l(libspace.o)
    0x20000088        -       0x00000002   Zero   RW            4    .bss.Adc            main.o
    0x2000008a        -       0x00000001   Zero   RW          222    .bss.AdcState       adc_utilities.o
    0x2000008b        -       0x00000001   Zero   RW            5    .bss.Angle          main.o
    0x2000008c        -       0x00000020   Zero   RW            7    .bss.BTN_DOWN       main.o
    0x200000ac        -       0x00000020   Zero   RW            8    .bss.BTN_OK         main.o
    0x200000cc        -       0x00000020   Zero   RW            9    .bss.BTN_UP         main.o
    0x200000ec        -       0x00000001   Zero   RW          279    .bss.Clock_State    clockhandle.o
    0x200000ed   0x08004eee   0x00000003   PAD
    0x200000f0        -       0x00000004   Zero   RW          292    .bss.ServoStartTime  clockhandle.o
    0x200000f4        -       0x00000001   Zero   RW          289    .bss.Servo_State    clockhandle.o
    0x200000f5   0x08004eee   0x00000003   PAD
    0x200000f8        -       0x00000004   Zero   RW          290    .bss.TimeOn         clockhandle.o
    0x200000fc        -       0x00000004   Zero   RW          283    .bss.TimeStarPress  clockhandle.o
    0x20000100        -       0x00000004   Zero   RW          296    .bss.alarmScreen.t_Blink  clockhandle.o
    0x20000104        -       0x00000004   Zero   RW          294    .bss.checkAlarm.t_Blink  clockhandle.o
    0x20000108        -       0x00000004   Zero   RW          286    .bss.clockTimeUpdate.Update  clockhandle.o
    0x2000010c        -       0x00000003   Zero   RW          285    .bss.lcd            clockhandle.o
    0x2000010f   0x08004eee   0x00000001   PAD
    0x20000110        -       0x00000004   Zero   RW          195    .bss.msTick         systick.o
    0x20000114        -       0x00000004   Zero   RW          287    .bss.settingTimeBlink.t_Blink  clockhandle.o
    0x20000118        -       0x00000008   Zero   RW          291    .bss.sv1            clockhandle.o
    0x20000120        -       0x00000008   Zero   RW            6    .bss.temp           main.o
    0x20000128        -       0x00000009   Zero   RW          282    .bss.time           clockhandle.o
    0x20000131   0x08004eee   0x00000007   PAD
    0x20000138        -       0x00000200   Zero   RW          794    HEAP                startup_stm32f10x_md.o
    0x20000338        -       0x00000400   Zero   RW          793    STACK               startup_stm32f10x_md.o


==============================================================================

Image component sizes


      Code (inc. data)   RO Data    RW Data    ZI Data      Debug   Object Name

       122          0          0          0          0       2266   adc.o
       190          0          0          0          1       1613   adc_utilities.o
       330          0          0          0          0       1833   button.o
       474         10          0          0          0       3144   buttoncallback.o
      2486         14         95         31         50       6993   clockhandle.o
      1068          0          0          0          0       4787   ds3231.o
       598          0          0          0          0       3752   i2c.o
       760          0          0          0          0       4150   liquidcrystal_i2c.o
        36          0          0          0        107       1490   main.o
       194         14          0          0          0       2259   servo.o
        64         26        236          0       1536        832   startup_stm32f10x_md.o
       688          0          0          0          0       8744   stm32f10x_adc.o
       482          0          0          0          0       5685   stm32f10x_gpio.o
       878          0          0          0          0       7855   stm32f10x_i2c.o
       482          0         20          0          0       7004   stm32f10x_rcc.o
       720          0          0          0          0      20317   stm32f10x_tim.o
       690          0         16          4          0       2860   system_stm32f10x.o
       252          0          0          0          4       3785   systick.o
       150          0          0          0          0       3190   tim.o

    ----------------------------------------------------------------------
     10740         64        400         40       1712      92559   Object Totals
         0          0         32          0          0          0   (incl. Generated)
        76          0          1          5         14          0   (incl. Padding)

    ----------------------------------------------------------------------

      Code (inc. data)   RO Data    RW Data    ZI Data      Debug   Library Member Name

         8          0          0          0          0         68   __main.o
       392          4         17          0          0         92   __printf_flags_ss_wp.o
        14          0          0          0          0         68   __printf_wp.o
         0          0          0          0          0          0   __rtentry.o
        12          0          0          0          0          0   __rtentry2.o
         6          0          0          0          0          0   __rtentry4.o
        52          8          0          0          0          0   __scatter.o
        26          0          0          0          0          0   __scatter_copy.o
        28          0          0          0          0          0   __scatter_zi.o
        72          0          0          0          0         96   _c16rtomb.o
         6          0          0          0          0          0   _printf_a.o
         6          0          0          0          0          0   _printf_c.o
        44          0          0          0          0        108   _printf_char.o
        48          6          0          0          0         96   _printf_char_common.o
        40          0          0          0          0         68   _printf_charcount.o
         6          0          0          0          0          0   _printf_d.o
       120         16          0          0          0         92   _printf_dec.o
         6          0          0          0          0          0   _printf_e.o
         6          0          0          0          0          0   _printf_f.o
      1052          0          0          0          0        148   _printf_fp_dec.o
       764          8         38          0          0        100   _printf_fp_hex.o
       128         16          0          0          0         84   _printf_fp_infnan.o
         6          0          0          0          0          0   _printf_g.o
       148          4         40          0          0        160   _printf_hex_int_ll_ptr.o
         6          0          0          0          0          0   _printf_i.o
       178          0          0          0          0         88   _printf_intcommon.o
        10          0          0          0          0          0   _printf_l.o
         6          0          0          0          0          0   _printf_lc.o
        10          0          0          0          0          0   _printf_ll.o
         6          0          0          0          0          0   _printf_lld.o
         6          0          0          0          0          0   _printf_lli.o
         6          0          0          0          0          0   _printf_llo.o
         6          0          0          0          0          0   _printf_llu.o
         6          0          0          0          0          0   _printf_llx.o
       124         16          0          0          0         92   _printf_longlong_dec.o
         6          0          0          0          0          0   _printf_ls.o
         6          0          0          0          0          0   _printf_n.o
         6          0          0          0          0          0   _printf_o.o
       112          8          0          0          0        124   _printf_oct_int_ll.o
         6          0          0          0          0          0   _printf_p.o
        78          0          0          0          0        108   _printf_pad.o
         0          0          0          0          0          0   _printf_percent.o
         4          0          0          0          0          0   _printf_percent_end.o
         6          0          0          0          0          0   _printf_s.o
        82          0          0          0          0         80   _printf_str.o
        36          0          0          0          0         84   _printf_truncate.o
         6          0          0          0          0          0   _printf_u.o
        44          0          0          0          0        108   _printf_wchar.o
       188          6          8          0          0         92   _printf_wctomb.o
         6          0          0          0          0          0   _printf_x.o
        10          0          0          0          0         68   _sputc.o
       228          4        148          0          0         96   bigflt0.o
      1936        128          0          0          0        668   btod.o
        18          0          0          0          0         80   exit.o
         6          0          0          0          0        152   heapauxi.o
         0          0          0          0          0          0   indicate_semi.o
        44         10        272          0          0         76   lc_ctype_c.o
        44         10         28          0          0         76   lc_numeric_c.o
         2          0          0          0          0          0   libinit.o
        30          0          0          0          0          0   libinit2.o
         2          0          0          0          0          0   libshutdown.o
         2          0          0          0          0          0   libshutdown2.o
         8          4          0          0         96         68   libspace.o
       138          0          0          0          0         80   lludiv10.o
        16          4          0          0          0         76   rt_ctype_table.o
         8          4          0          0          0         68   rt_locale_intlibspace.o
         2          0          0          0          0          0   rtexit.o
        10          0          0          0          0          0   rtexit2.o
        44          6          0          0          0         84   sprintf.o
       128          0          0          0          0         68   strcmpv7m.o
        12          4          0          0          0         68   sys_exit.o
        74          0          0          0          0         80   sys_stackheap_outer.o
         2          0          0          0          0         68   use_no_semi.o
        36          4          0          0          0         76   vsprintf.o
        98          4          0          0          0         92   d2f.o
       812         16          0          0          0        296   daddsub_clz.o
        46          0          0          0          0         68   dflt_clz.o
       340         12          0          0          0        104   dmul.o
       156          4          0          0          0         92   dnaninf.o
        12          0          0          0          0         68   dretinf.o
        54          4          0          0          0         84   ffix.o
       140          4          0          0          0         84   fnaninf.o
        10          0          0          0          0         68   fretinf.o
         4          0          0          0          0         68   printf1.o
         4          0          0          0          0         68   printf2.o
         0          0          0          0          0          0   usenofp.o
        40          0          0          0          0         68   fpclassify.o

    ----------------------------------------------------------------------
      8476        314        552          0         96       5068   Library Totals
        20          0          1          0          0          0   (incl. Padding)

    ----------------------------------------------------------------------

      Code (inc. data)   RO Data    RW Data    ZI Data      Debug   Library Name

      6740        270        551          0         96       3908   c_w.l
      1676         44          0          0          0       1092   fz_ws.l
        40          0          0          0          0         68   m_ws.l

    ----------------------------------------------------------------------
      8476        314        552          0         96       5068   Library Totals

    ----------------------------------------------------------------------

==============================================================================


      Code (inc. data)   RO Data    RW Data    ZI Data      Debug   

     19216        378        952         40       1808      94579   Grand Totals
     19216        378        952         40       1808      94579   ELF Image Totals
     19216        378        952         40          0          0   ROM Totals

==============================================================================

    Total RO  Size (Code + RO Data)                20168 (  19.70kB)
    Total RW  Size (RW Data + ZI Data)              1848 (   1.80kB)
    Total ROM Size (Code + RO Data + RW Data)      20208 (  19.73kB)

==============================================================================

